PAU8
YAL067W-A
SEO1
YAL065C
YAL064W-B
YAL064C-A
YAL064W
YAL063C-A
FLO9
GDH3
BDH2
BDH1
ECM1
CNE1
GPB2
PEX22
ACS1
FLC2
OAF1
AIM2
GEM1
SPC72
AIM1
YAL044W-A
GCV3
PTA1
ERV46
CDC24
CLN3
CYC3
CDC19
YAL037C-A
YAL037W
RBG1
FUN12
MTW1
FUN19
POP5
PRP45
GIP4
SNC1
MYO4
FRT2
SAW1
DRS2
MAK16
LTE1
PMT2
FUN26
CCR4
ATS1
FUN30
YAL018C
PSK1
TPD3
NTG1
SYN8
DEP1
CYS3
SWC3
MDM10
SPO7
FUN14
ERP2
SSA1
EFB1
VPS8
TFC3
NUP60
ERP1
SWD1
RFA1
SEN34
BUD14
ADE1
KIN3
CDC15
PAU7
YAR023C
UIP3
YAR028W
YAR029W
PRM9
MST28
YAT1
YAR035C-A
SWH1
FLO1
YAR064W
YAR066W
YAR068W
PHO11
YBL113C
YBL112C
YBL111C
PAU9
YBL107C
SRO77
PKC1
YBL104C
RTG3
SFT2
ECM21
YBL100W-C
ATP1
BNA4
BRN1
YBL095W
ROX3
RPL32
SCS22
MAP2
MRP21
AVT5
TEL1
RPL23A
YBL086C
BOI1
CDC27
ALG3
YBL081W
PET112
NUP170
ATG8
ILS1
SSA3
AAR2
RPS8A
YBL071C-B
KTI11
AST1
PRS4
UBP13
SEF1
PRX1
KIP1
SKT5
YEL1
CMC2
YBL059W
SHP1
PTH2
PTC3
YBL055C
TOD6
SAS3
PIN4
SEC17
MOH1
EDE1
PSY4
COR1
YBL044W
ECM13
FUI1
PRE7
ERD2
YBL039W-B
URA7
MRPL16
APL3
YBL036C
POL12
STU1
RIB1
HEK2
SHE1
PET9
YBL029C-A
YBL029W
YBL028C
RPL19B
LSM2
RRN10
NCL1
MCM2
PIM1
HAP3
RFT1
APN2
POP8
PEP1
FUS3
ACH1
RRN6
FMT1
SCT1
YBL010C
ALK2
YBL008W-A
HIR1
SLA1
LDB7
PDR3
UTP20
HTA2
HTB2
ECM15
NTH2
RER2
COQ1
GPI18
RCR1
UGA2
DSF2
FLR1
HHF1
HHT1
IPP1
YBR013C
GRX7
MNN2
YBR016W
KAP104
GAL7
GAL10
GAL1
FUR4
POA1
CHS3
SCO2
OLA1
ETR1
YBR028C
CDS1
RKM3
RPL4A
EDS1
HMT1
PDX3
CSG2
SCO1
CHS2
ATP3
FIG1
FAT1
CST26
QDR3
TCM62
GIP1
ZTA1
FMP23
RPS11B
REB1
REG2
RFS1
YBR053C
YRO2
PRP6
YBR056W
MUM2
UBP14
TSC3
AKL1
ORC2
TRM7
YBR062C
YBR063C
ECM2
NRG2
TIP1
BAP2
TAT1
ALG14
YBR071W
HSP26
YBR072C-A
RDH54
YBR074W
ECM8
SLM4
ECM33
RPG1
SEC18
SPT7
UBC4
TEC1
MIS1
RPL19A
AAC3
YBR085C-A
IST2
RFC5
POL30
NHP6B
YBR090C
TIM12
PHO3
PHO5
PBY1
RXT2
YBR096W
VPS15
MMS4
FES1
EXO84
SIF2
YMC2
VID24
PHO88
IML3
AIM3
CMD1
ALG1
YSA1
SUS1
CYC8
RAD16
LYS2
TKL2
TEF2
MUD1
CBP6
GRS1
MRPL36
TFC1
PTC4
TPS1
VMA2
ATG14
OPY1
SHE3
CCZ1
AGP2
HSL7
CKS1
MEC1
YBR137W
YBR138C
YBR139W
IRA1
YBR141C
MAK5
SUP45
ADH5
MRPS9
RTC2
YSW1
ARA1
TBS1
APD1
SPP381
RIB7
RPB5
CNS1
SLI15
ICS2
AMN1
IFA38
CDC28
CSH1
TOS1
YSY6
EXO5
ARL1
UBS1
TYR1
POP7
PEX32
SSE2
NPL4
SEC66
SMY2
UMP1
SWD3
ECM31
EHT1
FZO1
DTR1
RPS6B
SMP1
YBR182C-A
YPC1
YBR184W
MBA1
PCH2
GDT1
NTC20
RPS9B
RPL21A
RIM2
MED8
AIM4
MSI1
PGI1
YBR196C-A
YBR196C-B
YBR197C
TAF5
KTR4
BEM1
YBR200W-A
DER1
YBR201C-A
MCM7
COS111
YBR204C
KTR3
FTH1
DUR1%2C2
ERV15
AME1
NGR1
MET8
SDS24
HPC2
YBP1
ATG12
PYC2
YBR219C
YBR220C
PDB1
YBR221W-A
PCS60
TDP1
YBR225W
MCX1
SLX1
ROT2
OM14
YBR230W-A
SWC5
PBP2
DAD3
ARC40
YBR235W
ABD1
PRP5
YBR238C
ERT1
THI2
YBR241C
YBR242W
ALG7
GPX2
ISW1
RRT2
ENP1
HIS7
ARO4
SPO23
MRPS5
DUT1
SRB6
TRS20
MTC4
YBR255C-A
RIB5
POP4
SHG1
YBR259W
RGD1
TAE1
AIM5
SHM1
YPT10
TSC10
REI1
MRPL37
FMP21
BIT2
YBR271W
HSM3
UBX7
CHK1
RIF1
PPS1
DPB3
PAF1
SAF1
DUG2
MRPL27
SSH1
YBR284W
YBR285W
APE3
YBR287W
APM3
SNF5
BSD2
CTP1
VBA2
SUL1
PCA1
PHO89
YBR296C-A
MAL33
MAL31
YBR298C-A
MAL32
PAU24
COS2
YCL073C
VBA3
YCL068C
HMLALPHA2
HMLALPHA1
CHA1
VAC17
MRC1
KRR1
FYV5
ADF1
YCL057C-A
PRD1
YCL056C
KAR4
SPB1
PBN1
LRE1
APA1
YCL049C
YCL048W-A
SPS22
YCL047C
EMC1
MGR1
PDI1
YCL042W
GLK1
GID7
ATG22
SRO9
GFD2
GRX1
LSB5
MXR2
STE50
RRP7
HIS4
BIK1
RNQ1
FUS1
HBN1
FRM2
AGP1
KCC4
YCL021W-A
LEU2
NFS1
DCC1
BUD3
YCL012C
GBP2
SGF29
ILV6
STP22
VMA9
LDB16
PGS1
YCL002C
RER1
YCL001W-A
YCL001W-B
CDC10
MRPL32
YCP4
CIT2
YCR007C
SAT4
RVS161
ADY2
ADP1
PGK1
POL4
YCR015C
YCR016W
CWH43
SRD1
MAK32
PET18
MAK31
HTL1
HSP30
YCR023C
SLM5
YCR024C-B
PMP1
NPP1
RHB1
FEN2
RIM1
SYP1
RPS14A
BPH1
SNT1
FEN1
RRP43
RBK1
PHO87
BUD5
MATALPHA2
MATALPHA1
TAF2
YCR043C
PER1
RRT12
IMG1
BUD23
ARE1
YCR050C
YCR051W
RSC6
THR4
CTR86
PWP2
YIH1
TAH1
YCR061W
BUD31
HCM1
RAD18
SED4
ATG15
CPR4
IMG2
RSA4
SSK22
SOL2
ERS1
YCR075W-A
YCR076C
PAT1
PTC6
SRB8
AHC2
TRX3
TUP1
CSM1
YCR087C-A
ABP1
FIG2
YCR090C
KIN82
MSH3
CDC39
CDC50
OCA4
YCR095W-A
HMRA2
HMRA1
GIT1
YCR099C
YCR100C
YCR101C
YCR102C
PAU3
ADH7
RDS1
AAD3
YCR108C
COS7
MPH2
SOR2
HXT15
THI13
AAD4
YDL241W
LRG1
ADY3
GUD1
AIM6
PHO13
YPD1
GYP7
YDL233W
OST4
BRE4
PTP1
SSB1
HO
GCS1
SHS1
WHI4
HBT1
FMP45
CDC13
DTD1
YDL218W
TIM22
RRI1
GDH2
PRR2
NOP6
SHR3
YDL211C
UGA4
CWC2
NHP2
GLE1
YDL206W
HEM3
RTN2
ACK1
MRPL11
TRM8
MGT1
YDL199C
GGC1
ASF2
SEC31
SNF3
NUS1
ARF1
RPL35A
UFD2
RBS1
PPH22
YDL186W
VMA1
RPL41A
YDL183C
LYS20
INH1
YDL180W
PCL9
DLD2
YDL177C
YDL176W
AIR2
DLD1
PAR32
GLT1
UGA3
UGX2
SFA1
NRP1
FAP7
CDC36
CDC9
ENT1
YDL160C-A
DHH1
YDL159W-A
STE7
YDL157C
YDL156W
CLB3
MSH5
SAS10
RPC53
ATG9
NOP14
RPN5
LDB17
COP1
YDL144C
CCT4
CRD1
BPL1
RPO21
SCM3
RGT2
ARF2
RPL35B
RDI1
PPH21
RPL41B
YDL133W
CDC53
LYS21
STF1
RPP1B
YDL129W
VCX1
PCL2
CDC48
HNT1
YDL124W
SNA4
UBP1
YDL121C
YFH1
YDL119C
YDL118W
CYK3
NUP84
IWR1
YDL114W
ATG20
TRM3
RRP42
TMA17
YDL109C
KIN28
MSS2
PHO2
NSE4
QRI7
QRI1
POL3
DUN1
GET3
BUG1
SNU23
RPN6
PMT1
PMT5
SRP14
UBX3
RAM1
NUR1
ASM4
LUC7
YDL086W
YDL085C-A
NDE2
SUB2
RPS16B
RPL13A
RPP1A
THI3
MRK1
MDH3
VAM6
RXT3
RPL31A
BRE1
YDL073W
YET3
BDF2
CBS1
COX9
IDP1
PEX19
UBC9
YDL063C
RPS29B
TSR1
RAD59
USO1
YDL057W
MBP1
PSA1
MCH1
PBP4
SLC1
LHP1
KNH1
STP4
SIT4
NPC2
MRP10
FAD1
MTF2
PRP11
SIR2
NAT1
PRM7
BSC1
PUS9
GPR1
SLM3
DBP10
PRP9
ARP2
MPS1
YDL027C
RTK1
DIA3
GPD1
GPM2
RPN4
OSH2
ERP3
CDC7
TSC13
NOP1
SLX5
YDL012C
GRX6
APC11
YDL007C-A
RPT2
PTC1
MED2
ATP16
MCD1
NHP10
RMD1
NTH1
YRB1
RCR2
YDR003W-A
RAD57
MAF1
SOK1
TRP1
GAL3
SNQ2
RPL4B
PSF1
RAD61
HED1
DAD1
KCS1
YDR018C
GCV1
DAS2
FAL1
CIS1
SES1
RPS11A
YDR026C
VPS54
REG1
RAD28
MIC14
PST2
MRH1
LYS14
YDR034C-A
YDR034W-B
ARO3
EHD3
KRS1
ENA5
ENA2
ENA1
RSM10
YDR042C
NRG1
HEM13
RPC11
BAP3
HEM12
VMS1
TPI1
DET1
DBF4
CDC34
PST1
YDR056C
YOS9
TGL2
UBC5
MAK21
YDR061W
LCB2
AIM7
RPS13
RRG1
RTR2
OCA6
DOS2
DOA4
FMP16
PAA1
IPT1
SNF11
TPS2
PPH3
RAD55
SED1
SHU2
PET100
TFB5
VPS41
PDC2
STN1
RRP8
TVP23
AFR1
SSS1
RRP1
SLU7
YDR089W
YDR090C
RLI1
UBC13
DNF2
GIS1
MSH6
GRX3
BMH2
TVP15
ARX1
STE5
SPO71
TMS1
ARP10
TMN2
TRS85
YDR109C
FOB1
ALT2
PDS1
YDR114C
YDR115W
MRPL1
TMA64
APC4
VBA4
YDR119W-A
TRM1
DPB4
KIN1
INO2
YDR124W
ECM18
SWF1
ARO1
MTC5
SAC6
FIN1
YDR131C
YDR132C
YCF1
RGP1
HPR1
RUB1
MTQ2
DOP1
PEX7
SAN1
MKC7
TAF12
SWI5
EKI1
KGD2
NUM1
CTH1
GIR2
ENT5
CPR1
RPA14
HOM2
SAC3
SSY1
YDR161W
NBP2
CWC15
SEC1
TRM82
SEC5
TAF10
CDC37
STB3
YDR169C-A
SEC7
HSP42
SUP35
ARG82
HMO1
RSM24
NGG1
UBC1
SDH4
CSN9
YDR179W-A
SCC2
SAS4
CDC1
YDR182W-A
PLP1
ATC1
UPS3
YDR186C
CCT6
SLY1
RVB1
HST4
NUP42
MSS116
YDR194W-A
REF2
CAB5
CBS2
RKM2
VPS64
SPC19
RAV2
COQ4
MSC2
EBS1
UME6
MSS4
YDR210W
GCD6
TCP1
UPC2
AHA1
ADR1
RAD9
SPR28
MFB1
GTB1
YDR222W
CRF1
HTB1
HTA1
ADK1
SIR4
PCF11
IVY1
COX20
HEM1
RTN1
LYS4
PRP42
FMN1
MRPL7
SEC26
YDR239C
SNU56
AMD2
PRP28
PEX5
MNN10
TRS23
YDR246W-A
VHS1
YDR248C
YDR249C
PAM1
BTT1
MET32
CHL4
RMD5
CTA1
RKM4
HSP78
YAP6
SWM1
EXG2
YDR262W
DIN7
AKR1
PEX10
YDR266C
CIA1
MSW1
CCC2
GLO2
DON1
BSC2
PMP3
MTH1
RNH202
RRP45
PHM6
YDR282C
GCN2
DPP1
ZIP1
YDR286C
INM2
NSE3
RTT103
HRQ1
SRP101
SSD1
DPL1
HDA2
MHR1
SUR2
ATP5
BFR2
PRO1
CFT1
GPI11
RSC3
CPR5
HNT2
YDR306C
YDR307W
SRB7
GIC2
SUM1
TFB1
SSF2
PIB1
RAD34
IPK1
OMS1
HIM1
MCM21
YDR319C
SWA2
DAD4
ASP1
MRPL35
TIM11
PEP7
UTP4
YCG1
YSP2
SKP1
PEX3
UBX5
GPI8
IRC3
YDR333C
SWR1
MSN5
YDR336W
MRPS28
YDR338C
FCF1
YDR341C
HXT7
HXT6
HXT3
SVF1
MRP1
YDR348C
YPS7
ATP22
SBE2
YDR352W
TRR1
TRP4
SPC110
CNL1
GGA1
EAF1
BCP1
TFC6
ESC2
SEM1
CDC40
ESF1
YDR366C
KEI1
YPR1
XRS2
YDR370C
CTS2
VPS74
FRQ1
YDR374C
YDR374W-A
BCS1
ARH1
ATP17
LSM6
RGA2
YDR379C-A
ARO10
YRA1
YDR381C-A
RPP2B
NKP1
ATO3
EFT2
MUS81
YDR387C
RVS167
SAC7
UBA2
YDR391C
SPT3
SHE9
RPT3
SXM1
NCB2
UTP5
HPT1
URH1
DIT2
DIT1
RPB7
MRP20
PDR15
TRS120
ADE8
SIZ1
STE14
DFM1
RRP17
ERD1
YDR415C
SYF1
RPL12B
RAD30
HKR1
ARO80
SIP1
CAD1
DYN2
SNX41
RPN9
BNA7
TIF35
CYM1
NPL3
GPI17
PPM1
PPZ2
GPI19
THI74
LRS4
DOT1
APT2
SSN2
YDR444W
ECM11
RPS17B
ADA2
UTP6
RPS18A
YHP1
PPN1
TSA2
GUK1
NHX1
TOM1
HEH2
PFA5
TFB3
MFA1
YDR461C-A
MRPL28
STP1
SPP41
RMT2
PKH3
TLG1
SDC1
UGO1
RPL27B
TRS31
PRP3
JIP4
YDR476C
SNF1
SNM1
PEX29
DIG2
PHO8
CWC21
KRE2
VPS52
VPS72
VPS60
RIB3
PAC11
SLD5
PKH1
IZH1
MZM1
RSM28
VPS3
PUF6
ITR1
SEC20
LCD1
RPL37B
PLM2
SAM2
LPP1
SPG3
PSP1
YDR506C
GIN4
GNP1
SMT3
ACN9
EMI1
GRX2
YDR514C
SLF1
EMI2
GRH1
EUG1
FPR2
URC2
SPS2
SPS1
AGE1
YDR524W-C
YDR524C-B
SNA2
RBA50
HLR1
QCR7
APA2
CAB1
KRE28
HSP31
FIT1
STL1
PAD1
FDC1
IRC4
YDR541C
PAU10
YRF1-1
YEL077C
YEL076C-A
YEL076C
YEL075C
YEL073C
RMD6
DLD3
DSF1
HXT13
YEL067C
HPA3
SIT1
AVT2
CAN1
NPR2
CIN8
PRB1
SOM1
PCM1
YEL057C
HAT2
POL5
RPL12A
MAK10
AFG1
VMA8
RML2
PAU2
TCA17
YEL047C
GLY1
IES6
YEL043W
GDA1
YEF1
UTR2
CYC7
UTR4
RAD23
ANP1
UTR5
HYP2
MTC7
MCM3
SPF1
ECM10
BUD16
VMA3
SNU13
YEL025C
RIP1
YEL023C
GEA2
URA3
TIM9
YEL020C
MMS21
EAF5
PMP2
GTT3
NPP2
EDC3
VAC8
UBC8
GLC3
GCN4
YEL007W
YEA6
VAB2
YEA4
GIM4
WBP1
IRC22
MNN1
NOP16
PMI40
FMP52
YND1
NUG1
PAC2
TMA20
SEC3
NTF2
YER010C
TIR1
PRE1
PRP22
HEM14
BUD25
FAA2
BIM1
AFG3
SPC25
ISC1
SBH2
GPA2
RPN3
SRB4
PRO3
YAT2
GCD11
CHO1
GAL83
MIG3
SMB1
CHZ1
YPT31
FIR1
ZRG8
YER034W
EDC2
ARB1
PHM8
KRE29
HVG1
YER039C-A
GLN3
YEN1
MXR1
SAH1
ERG28
MEI4
ACA1
SPO73
SAP1
CAJ1
ISD11
TPA1
RSM18
JHD1
HOM3
PIC2
YER053C-A
GIP2
HIS1
FCY2
RPL34A
HMF1
PET117
PCL6
FCY21
FCY22
CEM1
HOR2
THO1
YER064C
ICL1
RRT13
RGI1
MOT2
ARG5%2C6
RNR1
YER071C
VTC1
ALD5
RPS24A
YOS1
PTP3
YER076C
YER077C
ICP55
YER078W-A
YER079W
AIM9
SER3
UTP7
GET2
YER085C
ILV1
AIM10
SBH1
DOT6
PTC2
TRP2
MET6
IES5
TSC11
AIM11
PUP3
RAD51
SHC1
UBP9
PRS2
UBC6
AST2
RPS8B
SSA4
RTT105
NUP157
MAM1
GLE2
FLO8
KAP123
SWI4
LSM4
TMN3
BOI2
SPR6
SLX8
RPL23B
SHO1
AVT6
SCS2
YER121W
GLO3
YCK3
DSE1
RSP5
NSA2
LCP5
YER128W
SAK1
YER130C
RPS26B
PMD1
GLC7
YER134C
GDI1
YER137C
YER138W-A
RTR1
YER140W
COX15
MAG1
DDI1
UBP5
FTR1
LSM5
SCC4
SPT15
PEA2
SPI1
UBP3
YER152C
PET122
OXA1
BEM2
YER156C
COG3
YER158C
BUR6
SPT2
RAD4
YER163C
CHD1
PAB1
DNF1
BCK2
CCA1
RPH1
ADK2
RAD3
BRR2
RAD24
GRX4
TMT1
YER175W-A
ECM32
BMH1
PDA1
DMC1
ISC10
SLO1
FMP10
FAU1
YER184C
PUG1
YER186C
YER187W
YER188C-A
YER189W
YRF1-2
YER190C-B
YFL068W
YFL067W
YFL066C
YFL065C
YFL064C
COS4
DDI2
SNO3
SNZ3
THI5
AAD16
AAD6
AGP3
YFL054C
DAK2
YFL052W
YFL051C
ALR2
SWP82
EMP47
RGD2
FMP32
SEC53
OTU1
YFL042C
YFL041W-A
FET5
YFL040W
ACT1
YPT1
TUB2
RPO41
MOB2
RPL22B
YFL034W
RIM15
HAC1
AGX1
CAK1
CAF16
GYP8
STE2
BST1
EPL1
BUD27
FRS2
GAT1
PAU5
LPD1
SMX2
GNA1
MDJ1
HSP12
IES1
YFL012W
HXT10
AUA1
WWM1
CDC4
SMC1
BLM10
SEC4
VTC2
MSH4
SPB4
DEG1
LOC1
NIC96
YPI1
RPN11
SAD1
YFR006W
YFH7
FAR7
GCN20
UBP6
AIM13
YFR012W
YFR012W-A
IOC3
CMK1
GSY1
YFR016C
YFR017C
YFR018C
FAB1
ATG18
ROG3
PES4
LSB3
HIS2
ULI1
ECO1
CDC14
PTR3
MET10
SMC2
RPL2A
RRT5
RPL29
YFR032C-B
QCR6
PHO4
YFR035C
CDC26
RSC8
IRC5
YFR039C
SAP155
ERJ5
KEG1
IRC6
DUG1
YFR045W
CNN1
BNA6
RMD8
YMR31
PRE4
RET2
RPN12
HXK1
IRC7
YFR057W
COS12
YGL262W
PAU11
YGL260W
YPS5
YGL258W-A
VEL1
MNT2
ADH4
ZRT1
FZF1
HXK2
RTG2
HFM1
RMR1
ZIP2
PDE1
BRR6
RAI1
GUS1
RTF1
TAD1
YGL242C
KAP114
DOC1
CSE1
HAP2
MTO1
YGL235W
ADE5%2C7
SEC15
TAN1
EMC4
YGL230C
SAP4
SHE10
VID30
OST5
MTC3
VRG4
SDT1
COG1
EDC1
NIF3
FRA2
MDM34
KIP3
CLG1
SKI8
VAM7
NCS6
YPT32
MIG2
SIP2
SPT16
CHC1
POX1
KEX1
ARO8
MCM6
EMP24
YIP4
MDS3
DSD1
GCN1
YGL194C-A
HOS2
YGL193C
IME4
COX13
CDC55
RPS26A
YGL188C-A
COX4
TPN1
YGL185C
STR3
MND1
GTS1
ATG1
TOS3
MPT5
YGL176C
SAE2
BUD13
KEM1
NUP49
ROK1
SPO74
SUA5
HUR1
PMR1
CUP2
YRB30
RAD54
SUT1
YIP5
AIM14
YGL159W
RCK1
ARI1
AMS1
CDC43
LYS5
PEX14
NUT1
INO80
ARO2
RPL9A
RRT6
TIP20
ROG1
MRF1
GPI10
HUL5
YGL140C
FLC3
YGL138C
SEC27
MRM2
RPL1B
PCL10
ITC1
SNT2
CEG1
RSM23
CWC23
SOH1
SCS3
MET13
MON1
RPS2
NAB2
GPG1
PRP43
COQ8
YGL117W
CDC20
SNF4
YGL114W
SLD3
TAF6
NSA1
CUE3
YGL108C
RMD9
MLC1
ARC1
VPS73
RPL28
YGL101W
SEH1
LSG1
USE1
SRM1
TOS8
VPS45
PAN2
SPC105
NUP145
NBP35
LIF1
MF(ALPHA)2
MMS2
MAD1
LCL3
GUP1
SCY1
YGL082W
YGL081W
FMP37
KXD1
DBP3
HNM1
RPL7A
MPS2
HSF1
AFT1
RPB9
MNP1
NPY1
SGF73
ALG2
MRH4
PUS2
PYC1
DUO1
YBP2
PKP2
RAD6
GEP7
SDS23
OLE1
ERV14
PRM8
MST27
TYW3
TIF4632
RPT6
ALG13
RIM8
RNA15
DST1
YGL041C-B
YGL041W-A
HEM2
YGL039W
OCH1
PNC1
YGL036W
MIG1
HOP2
AGA2
RPL24A
RPL30
CGR1
SCW11
CWH41
TRP5
PGD1
PIB2
STT3
ALK1
GET1
CKB1
JAC1
ATE1
KAP122
YGL015C
PUF4
PDR1
ERG4
SCL1
YGL010W
LEU1
PMA1
YGL007C-A
YGL006W-A
PMC1
COG7
RPN14
CDH1
ERP6
ERG26
YGR001C
SWC4
CUL3
PEX31
TFG2
PRP18
ECT1
STF2
SEC9
NMA2
YGR012W
SNU71
MSB2
YGR015C
YGR016W
YGR017W
UGA1
VMA7
YGR021W
MTL1
THG1
YGR026W
RPS25A
MSP1
ERV1
POP6
YGR031W
NAG1
GSC2
TIM21
RPL26B
YGR035C
YGR035W-A
CAX4
ACB1
ORM1
KSS1
BUD9
YGR042W
NQM1
RME1
TAM41
TFC4
UFD1
SCM4
FMP48
YGR053C
YGR054W
MUP1
RSC1
LST7
PEF1
SPR3
ERG25
ADE6
COX18
SPT4
VHT1
YGR066C
YGR067C
ART5
ROM1
YGR071C
UPF3
SMD1
PRP38
MRPL25
PEX8
PAC10
YGR079W
TWF1
SLX9
TOM20
GCD2
MRP13
RPL11B
PIL1
PDC6
CTT1
NNF2
UTP22
PRP31
DBF2
YGR093W
VAS1
RRP46
TPC1
ASK10
ESP1
TEL2
MDR1
PCP1
YGR102C
NOP7
SRB5
VMA21
VOA1
CLB1
CLB6
CLD1
YGR111W
SHY1
DAM1
SPT6
YGR117C
RPS23A
NUP57
COG2
MEP1
YGR121W-A
YGR122W
PPT1
ASN2
YGR125W
YGR126W
YGR127W
UTP8
SYF2
YGR130C
FHN1
PHB1
PEX4
CAF130
PRE9
LSB1
TPO2
CBF2
VPS62
BTN2
SKN1
THI4
ENP2
ECL1
YGR146C-A
NAT2
RPL24B
YGR149W
CCM1
RSR1
YGR153W
GTO1
CYS4
PTI1
CHO2
MTR3
NSR1
RTS3
YGR161W-C
TIF4631
GTR2
MRPS35
TRS65
CLC1
YGR168C
PUS6
YGR169C-A
PSD2
MSM1
YIP1
RBG2
CBP4
YGR174W-A
ERG1
ATF2
PBP1
OKP1
RNR4
TIM13
QCR9
UBR1
TYS1
TFG1
HGH1
BUB1
CRH1
HIP1
TDH3
PDX1
XKS1
SKI6
FYV8
SNG1
YPP1
PMT6
ELP2
YGR201C
PCT1
YCH1
ADE3
YGR204C-A
YGR205W
MVB12
YGR207C
SER2
TRX2
YGR210C
ZPR1
SLI1
RTA1
RPS0A
RSM27
GPI1
CCH1
CRM1
MRPL9
TOS2
PET54
HSV2
AZR1
AMA1
DIE2
SMI1
BNS1
PHB2
NAS6
PHO81
YHB1
YGR235C
SPG1
YGR237C
KEL2
PEX21
PFK1
YGR240C-A
YAP1802
FMP43
LSC2
SDA1
BRF1
CPD1
SOL4
MGA1
YGR250C
YGR251W
GCN5
PUP2
ENO1
COQ6
GND2
MTM1
RAD2
TNA1
APL6
BUD32
SAY1
MES1
YGR266W
FOL2
HUA1
YTA7
SLH1
EFG1
YGR273C
TAF1
RTT102
RNH70
CAB4
CWC22
SCW4
PXR1
YOR1
BGL2
YGR283C
ERV29
ZUO1
BIO2
IMA1
MAL13
MAL11
MAL12
PAU12
COS6
YRF1-3
YHL050C
YHL049C
YHL048C-A
COS8
ARN2
PAU13
YHL044W
ECM34
YHL042W
ARN1
EFM1
CBP2
MUP3
VMR1
SBP1
RPL8A
GUT1
GOS1
ECM29
OCA5
WSC4
RIM101
YHL026C
SNF6
RIM4
NPR3
SPO11
AIM17
OPI1
APM2
YHL018W
YHL017W
DUR3
YHL015W-A
RPS20
YLF2
OTU2
YHL012W
PRS3
ETP1
YAP3
YHL008C
STE20
SHU1
MRP4
LAG1
HSE1
RPL14B
OSH7
QCR10
LEU5
YHR003C
NEM1
GPA1
TIM10
STP2
ERG11
YHR007C-A
SOD2
YHR009C
RPL27A
DIA4
VPS29
ARD1
SPO13
MIP6
YSC84
YSC83
ARG4
DED81
YHR020W
RPS27B
ECM12
YHR022C
YHR022C-A
MYO1
MAS2
THR1
VMA16
RPN1
DAP2
YHI9
SLT2
RRM3
ERC1
YHR033W
PIH1
YHR035W
BRL1
PUT2
RRF1
MSC7
VMA10
BCD1
SRB2
NCP1
DOG2
DOG1
YHR045W
INM1
AAP1
YHK8
FSH1
SMF2
YHR050W-A
COX6
CIC1
CUP1-1
YHR054C
CUP1-2
RSC30
CPR2
MED6
FYV4
VMA22
GIC1
RPP1
PAN5
SSZ1
RRP3
SSF1
HTD2
DYS1
RRP4
TRM5
PCL5
ERG7
NOP10
OSH3
QNS1
PPE1
PTC7
NMD2
YHR078W
IRE1
SAE3
YHR080C
LRP1
KSP1
SAM35
STE12
IPI1
NAM8
YHR086W-A
RTC3
RPF1
GAR1
YNG2
MSR1
HXT4
HXT1
HXT5
YHR097C
SFB3
TRA1
GEP4
BIG1
KIC1
SBE22
GRE3
YPT35
TRR2
CDC12
GGA2
CTM1
ERP5
UBA4
YHR112C
YHR113W
BZZ1
DMA1
COX23
TOM71
ORC6
SET1
MSH1
LSM12
YHR122W
EPT1
NDT80
ANS1
YHR127W
FUR1
ARP1
YHR131C
ECM14
IGO2
NSG1
WSS1
YCK1
SPL2
ARO9
YHR138C
SPS100
YHR140W
RPL42B
CHS7
DSE2
RPC10
DCD1
CRP1
MRPL6
IMP3
SKG6
PEX28
MTC6
SPO12
SPO16
RTT107
YSP1
LIN1
REC104
KEL1
YHR159W
PEX18
YAP1801
YHR162W
SOL3
DNA2
PRP8
CDC23
THP2
MTG2
DBP8
NMD3
ATG7
SPC97
ENO2
CTR2
YHR175W-A
FMO1
YHR177W
STB5
OYE2
SVP26
YHR182W
GND1
SSP1
PFS1
KOG1
IKI1
GPI16
PTH1
ERG9
CTF8
YHR192W
EGD2
MDM31
NVJ1
UTP9
RIX1
AIM18
AIM46
NBL1
RPN10
PPX1
YHR202W
RPS4B
MNL1
SCH9
SKN7
SET5
BAT1
CRG1
YHR210C
FLO5
YHR212W-A
YHR213W
YHR213W-A
YHR213W-B
YHR214W
YHR214C-D
YHR214C-E
PHO12
IMD2
YHR218W
YHR219W
YIL177C
PAU14
VTH1
IMA3
YIL169C
YIL166C
YIL165C
NIT1
SUC2
YIL161W
POT1
BNR1
AIM20
COA1
YIL156W-B
UBP7
GUT2
IMP2'
RRD1
YIL152W
YIL151C
MCM10
MLP2
RPL40A
SLN1
ATG32
PAN6
TID3
SSL2
CCT2
AXL2
REV7
TPM2
TMA108
OM45
VHS2
YIL134C-A
FLX1
RPL16A
CSM2
FKH1
ASG1
TAO3
MET18
RRT14
STH1
KGD1
AYR1
SIM1
POG1
QDR2
QDR1
RPI1
RHO3
PRM5
HIS5
NUP159
POR2
SDP1
HOS4
COX5B
HPM1
SEC24
YIL108W
PFK26
MOB1
SLM1
SHQ1
DPH1
YIL102C-A
YIL102C
XBP1
SGA1
FMC1
FYV10
YIL096C
PRK1
LYS12
RSM25
YIL092W
UTP25
ICE2
YIL089W
AVT7
AIM19
KTR7
SDS3
CAB2
AIR1
THS1
YIL077C
SEC28
RPN2
SER33
SPO22
HOP1
PCI8
MAM33
RPS24B
SEC6
YIL067C
RNR3
FIS1
SEE1
YRB2
ARC15
SNP1
YIL060W
RGI2
VHR1
YIL055C
RHR2
RPL34B
MMF1
PCL7
DFG10
NEO1
SYG1
YIL046W-A
MET30
PIG2
AGE2
CBR1
PKP1
GVP36
APQ12
TED1
NOT3
PRM2
CST6
CKA1
CAP2
BCY1
ULP2
SSM4
YIL029C
KRE27
IRR1
YIL024C
YKE4
TIM44
RPB3
HIS6
FAF1
RPL2B
VID28
SNL1
BAR1
YIL014C-A
MNT3
PDR11
TIR3
DOT5
EST3
FAA3
URM1
NAS2
YIA6
EPS1
BET1
CFD1
YIL002W-A
INP51
YIL001W
SGN1
MPH1
AIM21
DJP1
IST3
PAN1
YIR007W
PRI1
MSL1
DSN1
STS1
SQT1
GAT4
YIR014W
RPR2
YIR016W
MET28
YAP5
YIR018C-A
MUC1
MRS1
YIR021W-A
SEC11
DAL81
YIR024C
MND2
YVH1
DAL1
DAL4
DAL2
DCG1
DAL7
DAL3
MGA2
LYS1
YIR035C
IRC24
HYR1
GTT1
YPS6
PAU15
YIR042C
YJL225C
PAU1
VTH2
IMA4
HXT9
YJL218W
REE1
IMA5
HXT8
YJL213W
OPT1
PEX2
CBP1
NUC1
LAA1
YJL206C
NCE101
RCY1
PRP21
ECM25
ACO2
PHO90
UBP12
ELO1
CDC6
YJL193W
SOP4
RPS14B
RPS22A
RPL39
SWE1
MNN5
YJL185C
GON7
MNN11
YJL181W
ATP12
PFD1
ATG27
RPL17B
SWI3
KRE9
RFA3
CPS1
YJL171C
ASG7
SET2
ERG20
QCR8
HAL5
TPK1
YJL163C
JJJ2
FMP33
YJL160C
HSP150
CIS3
FAR1
SSY5
FBP26
VPS35
INO1
SNA3
DAS1
RPA34
YJL147C
IDS2
SFH5
YJL144W
TIM17
YAK1
RPB4
YUR1
TIF2
GLG2
YJL136W-A
RPS21B
LCB3
YJL133C-A
MRS3
YJL132W
AIM23
URA2
TRK1
PBS2
YJL127C-B
SPT10
NIT2
GCD14
LSM1
MTC1
ALB1
RPE1
YJL118W
PHO86
NCA3
ASF1
MDV1
CCT7
GZF3
UTP10
PRM10
YJL107C
IME2
SET4
PAM16
GSM1
MEF2
GSH1
LSB6
CHS6
SAP185
PHS1
MRPL49
BCK1
KHA1
TOK1
SRS2
GWT1
DPB11
SIP4
ARG3
TRL1
EXO70
ALY2
TAX4
IML2
ARP4
SCP160
PRY1
PRY3
YJL077W-B
ICS3
NET1
SMC3
JEM1
PSF2
ARG2
YJL070C
UTP18
YJL068C
MPM1
DLS1
MRPL8
COA3
LAS21
NUP82
BNA3
YHC3
BIT61
IKS1
ZAP1
YJL055W
TIM54
PEP8
YJL052C-A
TDH1
IRC8
MTR4
YJL049W
UBX6
YJL047C-A
RTT101
AIM22
YJL045W
GYP6
YJL043W
MHP1
NSP1
NUP192
LOH1
IRC18
SNX4
TAD2
KAR2
HCA4
BET4
MAD2
VPS53
YJL028W
YJL027C
RNR2
RRN7
APS3
PET130
BBC1
MPS3
YJL016W
CCT3
MAD3
VTC4
RPC17
NOP9
CCT8
CTK2
CYR1
SYS1
COX16
OST1
PRE3
AVT1
MPP10
YJR003C
SAG1
APL1
YJR005C-A
POL31
SUI2
YJR008W
TDH2
MET3
SPC1
YJR011C
YJR012C
GPI14
TMA22
YJR015W
ILV3
ESS1
TES1
REC107
LSM8
MDE1
BNA1
YJR030C
GEA1
CPR7
RAV1
PET191
RAD26
HUL4
YJR039W
GEF1
URB2
NUP85
POL32
VPS55
SSC1
TAH11
ANB1
CYC1
UTR1
ISY1
OSM1
RAD7
BFA1
YJR054W
HIT1
YJR056C
CDC8
APS2
PTK2
CBF1
YJR061W
NTA1
RPA12
CCT5
ARP3
TOR1
YAE1
RFC2
HAM1
LIA1
NPA3
OPI3
MOG1
HOC1
CDC11
MIR1
BNA2
YJR079W
AIM24
EAF6
ACF4
CSN12
YJR085C
STE18
EMC2
BIR1
GRR1
JSN1
BUD4
FIP1
IME1
RPL43B
SFC1
YJR096W
JJJ3
YJR098C
YUH1
AIM25
RSM26
VPS25
URA8
SOD1
ADO1
ECM27
YJR107W
ABM1
CPA2
YMR1
YJR111C
NNF1
YJR112W-A
RSM7
YJR115W
YJR116W
STE24
ILM1
JHD2
YJR120W
ATP2
IBA57
RPS5
YJR124C
ENT3
VPS70
RSF2
YJR129C
STR2
MNS1
NMD5
XPT1
SGM1
MCM22
TIM8
TTI2
MET5
IML1
HOM6
HIR3
YJR141W
YJR142W
PMT4
MGM101
RPS4A
HMS2
BAT2
YJR149W
DAN1
DAN4
YJR151W-A
DAL5
PGU1
YJR154W
AAD10
THI11
HXT16
SOR1
MPH3
COS5
PAU16
YKL222C
MCH2
FRE2
COS9
SRY1
JEN1
URA1
OXP1
YRA2
DOA1
SAC1
TRP3
UBA1
STE6
CBT1
AIM27
ADD66
LOS1
EAP1
TOR2
MNN4
PTK1
PEX1
YKT6
MIA40
MST1
SDS22
ACP1
DPH2
CNB1
HYM1
PXA2
YKL187C
MTR2
ASH1
SPE1
YKL183C-A
LOT5
FAS1
PRS1
RPL17A
COY1
STE3
LST4
ZRT3
TPO5
SNU114
EBP2
NNK1
MRPL38
KKQ8
MRP49
TPK3
MCD4
PIR1
PIR3
YKL162C
KDX1
ELF1
RCN1
APE2
RPS27A
RSM22
SRP102
GPM1
YKL151C
MCR1
DBR1
SDH1
AVT3
RPT1
RPC25
LTV1
MRP8
SDH3
TGL1
CTK1
HSK3
MRPL31
CMC1
APL2
OCT1
YKL133C
RMA1
SHE2
MYO3
PMU1
PGM1
YPK1
RRN3
SSH4
SRP21
DGR2
OAC1
VPH2
SBA1
PRR1
APN1
RAD27
ABF1
KTI12
HAP4
SLD2
YKL107W
YKL106C-A
AAT1
YKL105C
GFA1
LAP4
HSL1
YKL100C
UTP11
MTC2
YKL096C-B
CWP2
CWP1
YJU2
YJU3
MBR1
BUD2
YKL091C
CUE2
MIF2
CAB3
CYT2
SRX1
MDH1
HOT13
RRP14
TEF4
VMA5
SMY1
DHR2
YKL077W
YKL075C
MUD2
LHS1
STB6
YKL071W
YKL070W
YKL069W
YKL068W-A
NUP100
YNK1
YKL065W-A
YET1
MNR2
YKL063C
MSN4
BLI1
FBA1
MPE1
TOA2
NUP120
TMA19
OAR1
DEF1
MDM35
ASK1
SFK1
YKL050C
CSE4
ELM1
YKL047W
DCW1
PRI2
PHD1
SPC42
VPS24
NFU1
PTM1
RGT1
AIM26
UGP1
TUL1
YKL033W-A
TTI1
IXR1
MAE1
TFA1
YKL027W
GPX1
PAN3
URA6
YKL023C-A
YKL023W
CDC16
MAK11
SPT23
RAM2
YKL018C-A
SWD2
HCS1
ATP7
PUT3
URB1
ARC19
PRP40
CCE1
UFD4
MRT4
LAC1
CAP1
SFT1
RPL14A
BYE1
AUR1
MRP17
DID4
MET14
VPS1
PAP1
OSH6
ECM9
YKR005C
MRPL13
MEH1
RSC4
FOX2
TOF2
YKR011C
PRY2
YPT52
YKR015C
FCJ1
YKR017C
YKR018C
IRS4
VPS51
ALY1
NTR2
YKR023W
DBP7
RPC37
GCN3
BCH2
SAP190
SET3
GMH1
SPO14
DAL80
DID2
CAF4
SPC34
KAE1
GAP1
YKR041W
UTH1
YKR043C
UIP5
YKR045C
PET10
NAP1
FMP46
TRK2
YKR051W
MRS4
YSR3
DYN1
RHO4
TRM2
RPS21A
GLG1
TIF1
UTP30
KTR2
TFA2
LAS1
OAF3
PAM17
CCP1
GPT2
BET3
MET1
YKR070W
DRE2
SIS2
AIM29
YKR075C
ECM4
MSA2
YKR078W
TRZ1
MTD1
RPF2
NUP133
DAD2
HBS1
MRPL20
PRP16
OMA1
TVP38
TGL4
PXL1
SRL3
SRP40
PTR2
RPL40B
MLP1
PCC1
YKR096W
PCK1
UBP11
BAS1
SKG1
SIR1
FLO10
NFT1
YKR104W
VBA5
YKR106W
YLL067C
YLL066W-B
YLL066C
PAU18
AYT1
MHT1
MMP1
GTT2
YLL058W
JLP1
YLL056C
YCT1
YLL054C
YLL053C
AQY2
FRE6
COF1
LDB18
YBT1
RNP1
RPL8B
FPS1
ATG10
SDH2
VPS13
UBI4
ENT4
PRP19
GRC3
RIX7
IRC19
YLL032C
GPI13
FRA1
TPO1
ISA1
HSP104
PAU17
SSA2
POM33
HIF1
SPA2
KNS1
COX19
DPS1
BPT1
EMC6
PUF3
YEH1
SOF1
PSR1
COX17
DRS1
YLL007C
YLL006W-A
MMM1
SPO75
ORC3
SFI1
RTT109
DNM1
YLR001C
NOC3
CMS1
THI73
SSL1
SSK1
NSE1
PAM18
RLP24
TEN1
LOT6
YLR012C
GAT3
PPR1
BRE2
PML1
MEU1
POM34
PSR2
YEH2
IRC25
SDO1
IZH3
UBR2
SNF7
SED5
AAT2
ADE16
RPL15A
YLR030W
YLR031W
RAD5
RSC58
SMF3
MLH2
YLR036C
PAU23
COX12
RIC1
YLR040C
YLR042C
TRX1
PDC1
STU2
YLR046C
FRE8
RPS0B
YLR049C
YLR050C
FCF2
IES3
YLR053C
OSW2
SPT8
ERG3
YLR057W
SHM2
REX2
FRS1
RPL22A
YLR063W
PER33
YLR065C
SPC3
PET309
FYV7
MEF1
XYL2
RGR1
YLR072W
RFU1
BUD20
RPL10
FMP25
BOS1
SIC1
EMP46
GAL2
SRL2
EMP70
RAX2
ARP6
SMC4
CSF1
GAA1
ALT1
XDJ1
GEP5
SUL2
NYV1
GIS3
IOC2
KIN2
HRT3
CHA4
ICT1
YLR099W-A
ERG27
APC9
CDC45
LCL2
SEN2
MDN1
REX3
YLR108C
AHP1
CCW12
HOG1
AVL9
CFT2
MSL5
CLF1
YLR118C
SRN2
YPS1
YPS3
YLR125W
YLR126C
APC2
DCN1
DIP2
ZRT2
ACE2
YLR132C
CKI1
PDC5
SLX4
TIS11
YLR137W
NHA1
SLS1
RRN5
PUT1
YLR143W
ACF2
RMP1
SPE4
YLR146W-A
SMD3
PEP3
YLR149C
STM1
PCD1
YLR152C
ACS2
RNH203
TAR1
YLR154C-G
YLR154C-H
ASP3-1
YLR156W
YLR156C-A
ASP3-2
YLR157W-D
YLR157W-E
YLR157C-C
ASP3-3
YLR159W
YLR159C-A
ASP3-4
YLR161W
YLR162W
RRT15
MAS1
YLR164W
PUS5
SEC10
RPS31
UPS2
APS1
DPH5
YLR173W
IDP2
CBF5
RFX1
YLR177W
TFS1
YLR179C
SAM1
VTA1
SWI6
TOS4
RPL37A
EMG1
SKG3
MDL1
ATG26
MMR1
PEX13
HCR1
UPS1
YLR194C
NMT1
PWP1
NOP56
PBA1
YKE2
COQ9
MSS51
QRI5
HMX1
ENT2
HRD3
SEC13
PNP1
CLB4
YLR211C
TUB4
CRR1
FRE1
CDC123
CPR6
COA4
MSC3
CCC1
RSA3
UTP13
IFH1
YLR224W
YLR225C
BUR2
ADY4
ECM22
CDC42
BNA5
EST1
TOP3
THI7
FAR10
LIP2
VPS34
YLR241W
ARV1
YLR243W
MAP1
CDD1
ERF2
IRC20
RCK2
YEF3
SSP120
SYM1
YLR253W
NDL1
HAP1
YLR257W
GSY2
HSP60
LCB5
YPT6
TMA7
RED1
RPS28B
YLR264C-A
NEJ1
PDR8
BOP2
SEC22
DCS1
YLR271W
YCS4
PIG1
MCM5
SMD2
DBP9
YSH1
YLR278C
YLR281C
YLR283W
ECI1
NNT1
YLR285C-A
CTS1
YLR287C
RPS30A
MEC3
GUF1
YLR290C
GCD7
SEC72
GSP1
ATP14
YLR297W
YHC1
ECM38
EXG1
YLR301W
MET17
ACO1
STT4
UBC12
CDA1
YLR307C-A
CDA2
IMH1
CDC25
YLR312C
MRPL15
SPH1
CDC3
NKP2
TAD3
EST2
BUD6
MMS22
SFH1
CWC24
PEX30
RPL38
YLR326W
TMA10
NMA1
REC102
CHS5
MID2
RPS25B
NUP2
SGD1
VRP1
RPP0
SPO77
FKS1
YLR342W-A
GAS2
RPL26A
YLR345W
YLR346C
KAP95
DIC1
ORM2
NIT3
YLR352W
BUD8
TAL1
ILV5
ATG33
RSC2
ADE13
VPS38
DCR2
YLR361C-A
STE11
NMD4
YLR363W-A
GRX8
RPS22B
MDM30
SSQ1
ARC18
ROM2
SUR4
VID22
STP3
PSY3
FBP1
SEC61
CSR1
CTF3
NAM2
SMC6
IKI3
SWC7
VAC14
REH1
RPS29A
STE23
ECM19
CCW14
ART10
ATP10
CST9
COX8
VPS33
AFG2
SKI2
BDF1
DUS3
SFP1
FLD1
DUS4
RPL31B
YLR406C-A
YLR407W
BLS1
UTP21
VIP1
CTR3
BER1
YLR412C-A
YLR413W
PUN1
YLR415C
VPS36
CDC73
YLR419W
URA4
RPN13
YLR422W
ATG17
SPP382
TUS1
YLR426W
MAG2
CRN1
SEN1
ATG23
IMD3
CNA1
TSR2
ECM30
DIF1
CAR2
LSM3
MRPL4
SEC39
RPS1A
SIR3
ECM7
YLR445W
YLR446W
VMA6
RPL6B
FPR4
HMG2
LEU3
SST2
RIF2
FMP27
YLR455W
YLR456W
NBP1
GAB1
YLR460C
PAU4
YLR462W
YLR464W
YRF1-4
YLR466C-B
YRF1-5
YML133C
COS3
YML131W
ERO1
COX14
MSC1
RSC9
ERG13
PGA3
TUB3
PHO84
GTR1
NDI1
YML119W
NGL3
NAB6
ATR1
VAN1
TAF8
DAT1
CTK3
BUL2
COQ5
ZDS2
YML108W
PML39
URA5
SEC65
MDM1
NUP188
CAC2
CUE4
YML100W-A
TSL1
ARG81
TAF13
VPS9
YML096W
RAD10
GIM5
UTP14
PRE8
RPM2
UFO1
AIM33
ALO1
TUB1
YML083C
YML082W
ATP18
YML081W
DUS1
YML079W
CPR3
BET5
WAR1
HMG1
FPR3
RPL6A
TCB3
COG8
DAK1
POB3
ITT1
ERV41
SMA2
ORC1
TEM1
RPS1B
MFT1
PIF1
OGG1
NTE1
HUG1
SML1
CMP2
IMD4
SPC2
CYB2
YML054C-A
YML053C
SUR7
GAL80
AIM32
RSE1
GSF2
PRM6
PRP39
RRN11
CAT2
VPS71
YMD8
YML037C
CGI121
AMD1
SRC1
RAD52
NDC1
AIM31
USA1
TSA1
YOX1
RPS18B
YML6
RPS17A
NSE5
APT1
UNG1
YML020W
OST6
YML018C
PSP2
PPZ1
TAF11
TRM9
UBX2
ERV25
RAD33
SPT5
MRPL39
ERG6
YML007C-A
YAP1
GIS4
TRM12
GLO1
YML003W
YML002W
YPT7
CDC5
YMR001C-A
MIC17
AIM34
MVP1
TAF4
PLB2
PLB1
ADI1
YMR010W
HXT2
CLU1
SEC59
BUD22
ERG5
SOK2
SPO20
YMR018W
STB4
FMS1
MAC1
UBC7
MSS1
MRPL3
CSI1
PEX12
YMR027W
TAP42
FAR8
RSF1
YMR031C
HOF1
YMR030W-A
ARP9
YMR034C
IMP2
MIH1
MSN2
CCS1
SUB1
YET2
ARA2
ARG80
MCM1
IOC4
NUP116
CSM3
ERB1
FAR3
STB2
STV1
BUB2
AAC1
FET3
SEN15
SAM37
RNA14
ARG7
RIM9
AEP1
KAR5
SOV1
UBX4
AVO2
NAT4
MOT3
TVP18
ABF2
IRC21
YMR074C
RCO1
PDS5
VPS20
CTF18
SEC14
NAM7
ISF1
ADH3
YMR084W
YMR085W
YMR086W
YMR087W
VBA1
YTA12
YMR090W
NPL6
AIP1
UTP15
CTF13
SNO1
SNZ1
MTG1
ATP25
YMR099C
MUB1
SRT1
YMR102C
YPK2
PGM2
YMR105W-A
YKU80
SPG4
ILV2
MYO5
HFD1
YMR111C
MED11
FOL3
YMR114C
MGR3
ASC1
SPC24
YMR118C
ASI1
ADE17
RPL15B
YMR122W-A
PKR1
YMR124W
STO1
DLT1
SAS2
ECM16
POM152
YMR130W
RRB1
JLP2
REC114
YMR134W
GID8
GAT2
PSO2
CIN4
RIM11
SIP5
RPL13B
RPS16A
YMR144W
NDE1
TIF34
YMR147W
OSW5
SWP1
IMP1
YIM1
NUP53
RIM13
YMR155W
TPP1
AIM36
MRPS8
YMR158C-A
ATG16
YMR160W
HLJ1
DNF3
INP2
MSS11
PAH1
YMR166C
MLH1
CEP3
ALD3
ALD2
EAR1
HOT1
DDR48
PAI3
SIP18
YMR175W-A
ECM5
MMT1
YMR178W
SPT21
CTL1
YMR181C
RGM1
YMR182W-A
SSO2
ADD37
YMR185W
HSC82
YMR187C
MRPS17
GCV2
SGS1
SPG5
GYL1
MRPL24
RPL36A
CMC4
ICY1
YMR196W
VTI1
CIK1
CLN1
ROT1
RAD14
ERG2
TOM40
INP1
PFK2
YMR206W
HFA1
ERG12
YMR209C
YMR210W
DML1
EFR3
CEF1
SCJ1
GAS3
SKY1
GUA1
TRS130
ESC1
ERG8
YMR221C
FSH2
UBP8
MRE11
MRPL44
YMR226C
TAF7
MTF1
RRP5
RPS10B
YMR230W-A
PEP5
FUS2
TRI1
RNH1
RNA1
TAF9
BCH1
DFG5
RNT1
CUS1
YHM2
RPL20A
YMR242W-A
ZRC1
YMR244W
YMR244C-A
FAA4
RKR1
YMR247W-A
GAD1
GTO3
HOR7
YMR252C
YMR253C
GFD1
COX7
PET111
YMR258C
YMR259C
TIF11
TPS3
YMR262W
SAP30
CUE1
YMR265C
RSN1
PPA2
PRP24
TMA23
RRN9
URA10
SCS7
YMR272W-B
ZDS1
RCE1
BUL1
DSK2
FCP1
PGM3
YMR279C
CAT8
GPI12
AEP2
RIT1
YKU70
NGL2
MRPL33
DSS1
HSH155
ABZ2
HAS1
YMR291W
GOT1
HER2
JNM1
YMR295C
LCB1
PRC1
LIP1
DYN3
ADE4
ATM1
YME2
ADH2
UBP15
SCW10
FKS3
GAS1
PSE1
NIP1
YMR310C
GLC8
ELP6
TGL3
PRE5
YMR315W
YMR315W-A
DIA1
YMR317W
ADH6
FET4
YMR321C
SNO4
ERR3
PAU19
YRF1-6
COS1
DDI3
SNO2
SNZ2
THI12
AAD14
RPD3
PEX6
MDJ2
EGT2
PFA3
FIG4
LEM3
KRE1
VNX1
YNL320W
HXT14
PFS2
PHA2
ATP11
DAL82
EMW1
RFA2
SKP2
ZIM17
STB1
KRI1
MCK1
MRPS18
YNL305C
YPT11
RPS19B
RPL18B
TOS6
TRF5
CLA4
MON2
YNL295W
RIM21
MSB3
PUS4
MID1
RFC3
PCL1
CAF40
SEC21
CUS2
MRPL10
WSC2
POP3
HCH1
ERG24
PRM1
CAF120
YNL277W-A
MET2
BOR1
GOR1
TOF1
SEC2
BNI1
ALP1
BSC4
LYP1
PIK1
IST1
PDR17
YIF1
POL2
ORC5
YNL260C
ATX1
DSL1
SIP3
FOL1
GIS2
RTC4
TEX1
MRPL17
NRD1
RAD50
MPA43
RPA49
YNL247W
VPS75
CWC25
SUI1
SLA2
ATG2
ZWF1
NAR1
LAP3
KEX2
YTP1
SIN4
YNL234W
BNI4
CSL4
PDR16
ELA1
URE2
JJJ1
CNM67
SQS1
ATG4
SSU72
POP1
ADE12
ALG9
MGS1
YNL217W
RAP1
IES2
PEX17
RRG9
VID27
YNL211C
MER1
SSB2
YNL208W
RIO2
RTT106
SPS18
SPS19
PSY2
YNL200C
GCR2
WHI3
SLZ1
YNL195C
YNL194C
YNL193W
CHS1
DUG3
YNL190W
SRP1
KAR1
SWT21
UBP10
MRPL19
NPR1
IPI3
YNL181W
RHO5
RPS3
MRPL22
YNL176C
NOP13
MDG1
APC1
PSD1
FMP41
SKO1
BNI5
YNL165W
IBD2
RIA1
YNL162W-A
RPL42A
CBK1
YGP1
ASI2
PGA1
IGO1
NSG2
YNL155W
YCK2
GIM3
INN1
RPC31
PGA2
ALF1
LSM7
YNL146C-A
YNL146W
MFA2
YNL144C
MEP2
AAH1
THO2
YSF3
SRV2
NAM9
EAF7
FPR1
YNL134C
FYV6
KRE33
TOM22
CPT1
DGR1
NRK1
TEP1
FAR11
SPC98
ESBP6
NAF1
NMA111
YNL122C
TOM70
NCS2
DCP2
MLS1
DMA2
YNL115C
RPC19
DBP2
CYB5
NOP15
YNL108C
YAF9
INP52
LEU4
MET4
POL1
AVT4
AIM37
OCA1
RAS2
YNL097C-B
PHO23
RPS7B
YNL095C
APP1
YPT53
YNL092W
NST1
RHO2
TOP2
TCB2
SNN1
MKT1
END3
SAL1
PMS1
SWS2
EOS1
TPM1
NIS1
APJ1
MKS1
IMP4
MLF3
MSK1
RNH201
LAT1
TOM7
RPL16B
FKH2
YNL067W-B
RPL9B
SUN4
AQR1
YDJ1
MTQ1
GCD10
NOP2
ARP5
YNL058C
OCA2
POR1
VAC7
MSG5
COX5A
COG5
YNL050C
SFB2
ALG11
SLM2
YNL046W
LAP2
YIP3
YNL042W-B
BOP3
COG6
YNL040W
BDP1
GPI15
IDH1
NCE103
YNL035C
YNL034W
YNL033W
SIW14
HHT2
HHF2
KTR5
CRZ1
SAM50
SSN8
KSH1
YNL024C
FAP1
YNL022C
HDA1
ARK1
YNL019C
YNL018C
PUB1
PBI2
HEF3
SPO1
YNL011C
YNL010W
IDP3
ASI3
SIS1
LST8
MRP7
HRB1
PET8
RLP7
DOM34
CIT1
ATO2
RPC34
SWM2
VPS27
ATG3
LRO1
NRM1
CSE2
PRP2
URK1
PHO91
YNR014W
SMM1
ACC1
TIM23
AIM38
ARE2
ATP23
YNR021W
MRPL50
SNF12
MPP6
SEC12
BUD17
CPR8
YNR029C
ALG12
SSK2
PPG1
HUB1
ABZ1
SOL1
YNR034W-A
ARC35
MRPS12
RSM19
DBP6
ZRG17
YNR040W
COQ2
MVD1
AGA1
PET494
TRM112
FPK1
YNR048W
MSO1
LYS9
BRE5
POP2
NOG2
ESF2
HOL1
BIO5
BIO4
BIO3
MNT4
FRE4
YNR061C
YNR062C
YNR063W
YNR064C
YNR065C
YNR066C
DSE4
YNR068C
BSC5
PDR18
YNR071C
HXT17
YNR073C
AIF1
COS10
YNR075C-A
PAU6
YOL166W-A
AAD15
YOL164W-A
BDS1
YOL163W
YOL162W
PAU20
YOL159C-A
YOL159C
ENB1
IMA2
HXT11
YOL155W-A
HPF1
ZPS1
FRE7
GRE2
DCP1
SPT20
PEX11
PSF3
CTR9
NOP8
RIB4
RRP40
PPM2
ARG8
CDC33
RTC1
BSC6
PFK27
MED7
HRT1
GAS4
YOL131W
ALR1
VPS68
YGK3
RPL25
MDH2
TRM13
TRM11
HRP1
SMF1
RPS19A
RPL18A
MCH4
RRI2
MSN1
PAP2
YOL114C
SKM1
MSB4
MDY2
SHR5
ZEO1
INO4
YOL107W
WSC3
NDJ1
ITR2
TPT1
IZH4
PKH2
YOL098C
YOL097W-A
WRS1
COQ3
HMI1
RFC4
TRM10
YOL092W
SPO21
MSH2
HAL9
MPD2
YOL087C
YOL086W-A
ADH1
PHM7
ATG34
ATG19
IRA2
REX4
AVO1
ATP19
BRX1
MDM20
YOL075C
YOL073C
THP1
EMI5
NBA1
NUF2
HST1
RTG1
RIB2
INP54
MET22
CRT10
APM4
PRS5
MAM3
GPD2
ARG1
YOL057W
GPM3
THI20
PSH1
AIM39
DDR2
SPE2
GAL11
GSH2
RRT8
YOL047C
PSK2
PEX15
NTG2
NGL1
NOP12
RPS15
RPP2A
YOL038C-A
PRE6
YOL036W
SMC5
MSE1
OPI10
SIL1
GAS5
YOL029C
YAP7
MDM38
MIM1
LAG2
YOL024W
IFM1
TSR4
DIS3
TAT2
YOL019W-A
YOL019W
TLG2
ESC8
CMK2
IRC10
YOL014W
YOL013W-A
HRD1
HTZ1
PLB3
RCL1
MDM12
COQ10
CSI2
TOP1
RPB11
SIN3
PFA4
IZH2
PHO80
RRP6
ALG6
YSP3
UTP23
DNL4
TSR3
SGT2
SLG1
YOR008C-A
TIR4
TIR2
AUS1
YOR011W-A
YOR012W
RTS1
ERP4
PET127
ROD1
YOR019W
HSP10
YOR020W-A
YOR021C
YOR022C
AHC1
HST3
BUB3
STI1
CIN5
DFG16
CRS5
HMS1
YOR032W-A
EXO1
AKR2
YOR034C-A
SHE4
PEP12
CYC2
HIR2
CKB2
GLO4
CUE5
WHI2
IRC23
TOM6
DBP5
STD1
RAT1
RSB1
ETT1
YOR052C
VHS3
NOB1
SGT1
ASE1
YOR059C
YOR060C
CKA2
YOR062C
RPL3
YNG1
CYT1
MSA1
ALG8
VPS5
VAM10
GYP1
NRT1
YOR072W-B
SGO1
CDC21
UFE1
SKI7
RTS2
BUD21
ATX2
DIA2
TGL5
WHI5
LPX1
OST3
TCB1
YVC1
VPS21
PTC5
TMA46
ECM3
YOR093C
ARF3
RKI1
RPS7A
YOR097C
NUP1
KTR1
CRC1
RAS1
OST2
PIN2
VAM3
RGS2
LEU9
INP53
TFC7
YOR111W
CEX1
AZF1
YOR114W
TRS33
RPO31
RPT5
RTC5
RIO1
GCY1
PFY1
LEO1
UBP2
CAT5
IAH1
RGA1
ADE2
AFI1
ORT1
YOR131C
VPS17
EFT1
BAG7
IDH2
SIA1
RUP1
SFL1
ARP8
LSC1
THI80
ELG1
PNO1
MDM32
SPP2
SMP3
MRPL23
RPB2
YOR152C
PDR5
SLP1
ISN1
NFI1
PUP1
PET123
SME1
MTR10
PNS1
YOR161C-C
YRR1
DDP1
GET4
SEY1
SWT1
RPS28A
GLN4
LCB4
YRM1
DCS2
MED4
ALE1
HEM15
MPC54
GAC1
SYC1
DCI1
LAS17
RPS30B
FYV12
SER1
GSP2
YOR186W
TUF1
MSB1
IES4
SPR1
ULS1
THI72
YOR192C-C
PEX27
TOA1
SLK19
LIP5
MCA1
BFR1
MRM1
HIS3
DED1
GEP3
NOC2
RET1
PTP2
NPT1
RPB10
MGM1
STE4
SAS5
YOR214C
AIM41
RUD3
RFC1
STE13
RCN2
MCT1
ODC2
YOR223W
RPB8
ISU2
HER1
YOR228C
WTM2
WTM1
MKK1
MGE1
KIN4
RPL33B
DFR1
HES1
YOR238W
ABP140
MET7
SSP2
PUS7
ESA1
DGA1
YOR246C
SRL1
APC5
CLP1
TUM1
TMA16
NAT5
SEC63
OSW1
TRE2
CDC31
HNT3
RPT4
GCD1
RPN8
YOR262W
DSE3
RBL2
PNT1
HRK1
YOR268C
PAC1
VPH1
FSF1
YTM1
TPO4
MOD5
RIM20
CAF20
HEM4
RFM1
FSH3
PLP2
YOR283W
HUA2
RDL1
RDL2
RRP36
MPD1
YOR289W
SNF2
YPK9
YOR292C
RPS10A
YOR293C-A
RRS1
UAF30
YOR296W
TIM18
MUM3
MBF1
BUD7
RAX1
YOR302W
CPA1
ISW2
YOR304C-A
RRG7
MCH5
SLY41
SNU66
NOP58
DGK1
RPL20B
SPS4
SFG1
COT1
YOR316C-A
FAA1
HSH49
GNT1
PMT3
LDB19
PRO2
FRT1
MYO2
SNC2
PDR10
SCD5
MIP1
VMA4
MRS2
ALA1
KRE5
TEA1
YOR338W
UBC11
RPA43
RPA190
YOR342C
TYE7
REV1
PYK2
PUT4
CIN1
MNE1
MEK1
YOR352W
SOG2
MSC6
GDS1
YOR356W
SNX3
HAP5
VTS1
PDE2
PRT1
PRE10
PIP2
YOR365C
SCP1
RAD17
RPS12
MRS6
GPB1
NDD1
NUD1
ALD4
GDH1
YOR376W-A
ATF1
YOR378W
RDR1
FRE3
YOR381W-A
FIT2
FIT3
FRE5
YOR385W
PHR1
YOR387C
FDH1
YOR389W
YOR390W
HSP33
ERR1
PAU21
YOR394C-A
YRF1-8
YRF1-7
PAU22
ERR2
HSP32
YPL279C
YPL278C
YPL277C
SAM3
SAM4
YPL272C
ATP15
MDL2
KAR9
PLC1
ACM1
DIM1
DIP5
YPL264C
KEL3
FUM1
YPL260W
APM1
THI21
YPL257W
CLN2
BBP1
HFI1
VIK1
YAH1
ICY2
RPL36B
GYP5
GAL4
YPL247C
RBD2
YPL245W
HUT1
SRP68
IQG1
CIN2
HSP82
YAR1
SUI3
YPL236C
RVB2
VMA11
NSL1
SSO1
FAS2
USV1
YPL229W
CET1
ALG5
NEW1
YPL225W
MMT2
GRE1
FMP40
FLC1
RPL1A
PCL8
SAR1
BMS1
YPL216W
CBP3
THI6
LEA1
PUS1
NIP7
SRP72
IPL1
RKM1
TYW1
PGC1
HRR25
TPK2
AFT2
YIG1
CSM4
YPL199C
RPL7B
OXR1
APL5
DDC1
RSA1
PRM3
YPL191C
NAB3
COA2
GUP2
POS5
MF(ALPHA)1
UIP4
MRN1
RTC6
RTT10
CTI6
TCO89
PPQ1
CBC2
CUP9
TRE1
SPT14
NIP100
MRPL40
COX10
OYE3
DAP1
MEX67
YPL168W
REV3
ATG29
SET6
MLH3
SVS1
YPL162C
BEM4
CDC60
PET20
AIM44
TGS1
PRM4
KIP2
PEP4
RAD53
YPL152W-A
RRD2
PRP46
YPL150W
ATG5
PPT2
PXA1
NOP53
KES1
POC4
RPL33A
FRK1
MKK2
UME1
SPP1
GIP3
ISU1
ODC1
RDS2
COX11
RPL5
SPO19
TAF14
TBF1
HHO1
NAN1
KAP120
SPC29
RNY1
TFB2
MEI5
VPS30
YPL119C-A
DBP1
MRP51
IDI1
HOS3
BEM3
YPL113C
PEX25
CAR1
GDE1
YPL109C
YPL108W
YPL107W
SSE1
SYH1
MSD1
FMP30
ELP4
ATG21
AIM43
MGR2
MSY1
ERI1
PNG1
EEB1
SEC62
NOG1
SSU1
GLR1
RPS6A
RLM1
YPL088W
YDC1
ELP3
SEC16
BRO1
SEN54
MOT1
RPS9A
RPL21B
ATP4
YPL077C
GPI2
GCR1
YTA6
UBP16
YPL071C
MUK1
BTS1
YPL068C
YPL067C
YPL066W
VPS28
CWC27
TIM50
ALD6
MFM1
GRX5
PDR12
SUR1
LCL1
LGE1
LEE1
KTR6
OAZ1
ARL3
MNN9
DIG1
CAM1
SGF11
ELC1
VPS16
NOP4
SSN3
YPL041C
ISM1
YPL039W
YPL038W-A
MET31
EGD1
PMA2
YPL034W
SRL4
SVL3
PHO85
TRM44
SUV3
ERG10
SMA1
SKS1
RMI1
MET12
RAD1
ECM23
ULP1
VTC3
CTF19
IRC15
SWI1
HST2
YPL014W
MRPS16
RRP12
TAF3
RET3
TAE2
CHL1
TFC8
NCR1
AEP3
LSP1
ULA1
SNF8
HAT1
CIT3
PDH1
YPR003C
AIM45
HAL1
ICL2
REC8
HAA1
SUT2
RPA135
YPR010C-A
YPR011C
YPR013C
YPR015C
TIF6
DSS4
RLF2
MCM4
ATP20
AGC1
YPR022C
EAF3
YME1
CCL1
ATH1
YPR027C
YOP1
APL4
CSR2
NTO1
SRO7
HTS1
ARP7
GLN1
VMA13
YPR036W-A
ERV2
TIP41
TIF5
PUF2
RPL43A
THP3
MCM16
MSF1
TAH18
ATG11
MAK3
NHP6A
SMK1
SEC8
TFB4
BRR1
YMC1
ARO7
JID1
FCY1
YPR063C
ROX1
UBA3
ISA2
HOS1
SPE3
MED1
YPR071W
NOT5
LTP1
TKL1
OPY2
YPR078C
MRL1
TEF1
GRS2
DIB1
MDM36
YPR084W
ASA1
SUA7
SRP54
YPR089W
YPR091C
ASR1
RDS3
SYT1
YPR096C
YPR097W
YPR098C
MRPL51
SNT309
RPL11A
PRE2
FHL1
COG4
ISR1
YTH1
RPN7
YPR108W-A
YPR109W
RPC40
DBF20
MRD1
PIS1
YPR114W
RGC1
RRG8
YPR117W
MRI1
CLB2
CLB5
THI22
AXL1
CTR1
YLH47
YPR127W
ANT1
SCD6
NAT3
RPS23B
SPN1
TOM5
MSS18
CTF4
RRP9
MEP3
VPS66
TAZ1
KAR3
RRP15
NOC4
ASN1
YPR145C-A
YPR147C
YPR148C
NCE102
SUE1
URN1
YPR153W
PIN3
NCA2
TPO3
YPR157W
CUR1
KRE6
YPR159C-A
GPH1
SGV1
ORC4
TIF3
MMS1
RHO1
MRP2
MET16
NUT2
JIP5
YPR170W-B
BSP1
YPR172W
VPS4
YPR174C
DPB2
BET2
PRP4
HDA3
AOS1
SEC23
SMX3
DPM1
GDB1
ATG13
PZF1
RPO26
MLC2
SKI3
RPC82
QCR2
AQY1
HPA2
OPT2
YPR196W
SGE1
ARR1
ARR2
ARR3
YPR202W
YPR203W
YPR204W
YAL068C
YAL067C
YAL063C
YAL062W
YAL061W
YAL060W
YAL059W
YAL058W
YAL056W
YAL055W
YAL054C
YAL053W
YAL051W
YAL049C
YAL048C
YAL047C
YAL046C
YAL044C
YAL043C
YAL042W
YAL041W
YAL040C
YAL039C
YAL038W
YAL036C
YAL035W
YAL034W-A
YAL034C
YAL033W
YAL032C
YAL031C
YAL030W
YAL029C
YAL028W
YAL027W
YAL026C
YAL025C
YAL024C
YAL023C
YAL022C
YAL021C
YAL020C
YAL019W
YAL017W
YAL016W
YAL015C
YAL014C
YAL013W
YAL012W
YAL011W
YAL010C
YAL009W
YAL008W
YAL007C
YAL005C
YAL003W
YAL002W
YAL001C
YAR002W
YAR002C-A
YAR003W
YAR007C
YAR008W
YAR014C
YAR015W
YAR018C
YAR019C
YAR020C
YAR027W
YAR031W
YAR033W
YAR035W
YAR042W
YAR050W
YAR071W
YBL108C-A
YBL106C
YBL105C
YBL103C
YBL102W
YBL101C
YBL099W
YBL098W
YBL097W
YBL093C
YBL092W
YBL091C-A
YBL091C
YBL090W
YBL089W
YBL088C
YBL087C
YBL085W
YBL084C
YBL082C
YBL080C
YBL079W
YBL078C
YBL076C
YBL075C
YBL074C
YBL072C
YBL071W-A
YBL069W
YBL068W
YBL067C
YBL066C
YBL064C
YBL063W
YBL061C
YBL060W
YBL059C-A
YBL058W
YBL057C
YBL056W
YBL054W
YBL052C
YBL051C
YBL050W
YBL049W
YBL047C
YBL046W
YBL045C
YBL043W
YBL042C
YBL041W
YBL040C
YBL039C
YBL038W
YBL037W
YBL035C
YBL034C
YBL033C
YBL032W
YBL031W
YBL030C
YBL027W
YBL026W
YBL025W
YBL024W
YBL023C
YBL022C
YBL021C
YBL020W
YBL019W
YBL018C
YBL017C
YBL016W
YBL015W
YBL014C
YBL013W
YBL011W
YBL009W
YBL008W
YBL007C
YBL006C
YBL005W
YBL004W
YBL003C
YBL002W
YBL001C
YBR001C
YBR002C
YBR003W
YBR004C
YBR005W
YBR006W
YBR007C
YBR008C
YBR009C
YBR010W
YBR011C
YBR014C
YBR015C
YBR017C
YBR018C
YBR019C
YBR020W
YBR021W
YBR022W
YBR023C
YBR024W
YBR025C
YBR026C
YBR029C
YBR030W
YBR031W
YBR033W
YBR034C
YBR035C
YBR036C
YBR037C
YBR038W
YBR039W
YBR040W
YBR041W
YBR042C
YBR043C
YBR044C
YBR045C
YBR046C
YBR047W
YBR048W
YBR049C
YBR050C
YBR052C
YBR054W
YBR055C
YBR057C
YBR058C
YBR058C-A
YBR059C
YBR060C
YBR061C
YBR065C
YBR066C
YBR067C
YBR068C
YBR069C
YBR070C
YBR072W
YBR073W
YBR076W
YBR077C
YBR078W
YBR079C
YBR080C
YBR081C
YBR082C
YBR083W
YBR084W
YBR084C-A
YBR085W
YBR086C
YBR087W
YBR088C
YBR089C-A
YBR091C
YBR092C
YBR093C
YBR094W
YBR095C
YBR097W
YBR098W
YBR101C
YBR102C
YBR103W
YBR104W
YBR105C
YBR106W
YBR107C
YBR108W
YBR109C
YBR110W
YBR111C
YBR111W-A
YBR112C
YBR114W
YBR115C
YBR117C
YBR118W
YBR119W
YBR120C
YBR121C
YBR122C
YBR123C
YBR125C
YBR126C
YBR127C
YBR128C
YBR129C
YBR130C
YBR131W
YBR132C
YBR133C
YBR135W
YBR136W
YBR140C
YBR142W
YBR143C
YBR145W
YBR146W
YBR147W
YBR148W
YBR149W
YBR150C
YBR151W
YBR152W
YBR153W
YBR154C
YBR155W
YBR156C
YBR157C
YBR158W
YBR159W
YBR160W
YBR161W
YBR162C
YBR162W-A
YBR163W
YBR164C
YBR165W
YBR166C
YBR167C
YBR168W
YBR169C
YBR170C
YBR171W
YBR172C
YBR173C
YBR175W
YBR176W
YBR177C
YBR179C
YBR180W
YBR181C
YBR182C
YBR183W
YBR185C
YBR186W
YBR187W
YBR188C
YBR189W
YBR191W
YBR192W
YBR193C
YBR194W
YBR195C
YBR196C
YBR198C
YBR199W
YBR200W
YBR201W
YBR202W
YBR203W
YBR205W
YBR207W
YBR208C
YBR210W
YBR211C
YBR212W
YBR213W
YBR214W
YBR215W
YBR216C
YBR217W
YBR218C
YBR221C
YBR222C
YBR223C
YBR227C
YBR228W
YBR229C
YBR230C
YBR231C
YBR233W
YBR233W-A
YBR234C
YBR236C
YBR237W
YBR239C
YBR240C
YBR243C
YBR244W
YBR245C
YBR246W
YBR247C
YBR248C
YBR249C
YBR250W
YBR251W
YBR252W
YBR253W
YBR254C
YBR255W
YBR256C
YBR257W
YBR258C
YBR260C
YBR261C
YBR262C
YBR263W
YBR264C
YBR265W
YBR267W
YBR268W
YBR269C
YBR270C
YBR272C
YBR273C
YBR274W
YBR275C
YBR276C
YBR278W
YBR279W
YBR280C
YBR281C
YBR282W
YBR283C
YBR286W
YBR288C
YBR289W
YBR290W
YBR291C
YBR293W
YBR294W
YBR295W
YBR296C
YBR297W
YBR298C
YBR299W
YBR301W
YBR302C
YCL069W
YCL067C
YCL066W
YCL064C
YCL063W
YCL061C
YCL059C
YCL058C
YCL058W-A
YCL057W
YCL055W
YCL054W
YCL052C
YCL051W
YCL050C
YCL048W
YCL045C
YCL044C
YCL043C
YCL040W
YCL039W
YCL038C
YCL037C
YCL036W
YCL035C
YCL034W
YCL033C
YCL032W
YCL031C
YCL030C
YCL029C
YCL028W
YCL027W
YCL026C-B
YCL026C-A
YCL025C
YCL024W
YCL018W
YCL017C
YCL016C
YCL014W
YCL011C
YCL010C
YCL009C
YCL008C
YCL005W-A
YCL005W
YCL004W
YCL001W
YCR002C
YCR003W
YCR004C
YCR005C
YCR008W
YCR009C
YCR010C
YCR011C
YCR012W
YCR014C
YCR017C
YCR018C
YCR019W
YCR020C
YCR020C-A
YCR020W-B
YCR021C
YCR024C
YCR024C-A
YCR026C
YCR027C
YCR028C
YCR028C-A
YCR030C
YCR031C
YCR032W
YCR033W
YCR034W
YCR035C
YCR036W
YCR037C
YCR038C
YCR039C
YCR040W
YCR042C
YCR044C
YCR045C
YCR046C
YCR047C
YCR048W
YCR052W
YCR053W
YCR054C
YCR057C
YCR059C
YCR060W
YCR063W
YCR065W
YCR066W
YCR067C
YCR068W
YCR069W
YCR071C
YCR072C
YCR073C
YCR073W-A
YCR075C
YCR077C
YCR079W
YCR081W
YCR082W
YCR083W
YCR084C
YCR086W
YCR088W
YCR089W
YCR091W
YCR092C
YCR093W
YCR094W
YCR095C
YCR096C
YCR097W
YCR098C
YCR104W
YCR105W
YCR106W
YCR107W
YDL248W
YDL247W
YDL246C
YDL245C
YDL244W
YDL243C
YDL240W
YDL239C
YDL238C
YDL237W
YDL236W
YDL235C
YDL234C
YDL232W
YDL231C
YDL230W
YDL229W
YDL227C
YDL226C
YDL225W
YDL224C
YDL223C
YDL222C
YDL220C
YDL219W
YDL217C
YDL216C
YDL215C
YDL214C
YDL213C
YDL212W
YDL210W
YDL209C
YDL208W
YDL207W
YDL205C
YDL204W
YDL203C
YDL202W
YDL201W
YDL200C
YDL198C
YDL197C
YDL195W
YDL194W
YDL193W
YDL192W
YDL191W
YDL190C
YDL189W
YDL188C
YDL185W
YDL184C
YDL182W
YDL181W
YDL179W
YDL178W
YDL175C
YDL174C
YDL173W
YDL171C
YDL170W
YDL169C
YDL168W
YDL167C
YDL166C
YDL165W
YDL164C
YDL161W
YDL160C
YDL159W
YDL155W
YDL154W
YDL153C
YDL150W
YDL149W
YDL148C
YDL147W
YDL146W
YDL145C
YDL143W
YDL142C
YDL141W
YDL140C
YDL139C
YDL138W
YDL137W
YDL136W
YDL135C
YDL134C
YDL133C-A
YDL132W
YDL131W
YDL130W-A
YDL130W
YDL128W
YDL127W
YDL126C
YDL125C
YDL123W
YDL122W
YDL120W
YDL117W
YDL116W
YDL115C
YDL113C
YDL112W
YDL111C
YDL110C
YDL108W
YDL107W
YDL106C
YDL105W
YDL104C
YDL103C
YDL102W
YDL101C
YDL100C
YDL099W
YDL098C
YDL097C
YDL095W
YDL093W
YDL092W
YDL091C
YDL090C
YDL089W
YDL088C
YDL087C
YDL085W
YDL084W
YDL083C
YDL082W
YDL081C
YDL080C
YDL079C
YDL078C
YDL077C
YDL076C
YDL075W
YDL074C
YDL072C
YDL070W
YDL069C
YDL067C
YDL066W
YDL065C
YDL064W
YDL061C
YDL060W
YDL059C
YDL058W
YDL056W
YDL055C
YDL054C
YDL053C
YDL052C
YDL051W
YDL049C
YDL048C
YDL047W
YDL046W
YDL045W-A
YDL045C
YDL044C
YDL043C
YDL042C
YDL040C
YDL039C
YDL037C
YDL036C
YDL035C
YDL033C
YDL031W
YDL030W
YDL029W
YDL028C
YDL025C
YDL024C
YDL022W
YDL021W
YDL020C
YDL019C
YDL018C
YDL017W
YDL015C
YDL014W
YDL013W
YDL010W
YDL008W
YDL007W
YDL006W
YDL005C
YDL004W
YDL003W
YDL002C
YDL001W
YDR001C
YDR002W
YDR003W
YDR004W
YDR005C
YDR006C
YDR007W
YDR009W
YDR011W
YDR012W
YDR013W
YDR014W
YDR014W-A
YDR016C
YDR017C
YDR019C
YDR020C
YDR021W
YDR022C
YDR023W
YDR025W
YDR027C
YDR028C
YDR030C
YDR031W
YDR032C
YDR033W
YDR034C
YDR035W
YDR036C
YDR037W
YDR038C
YDR039C
YDR040C
YDR041W
YDR043C
YDR044W
YDR045C
YDR046C
YDR047W
YDR049W
YDR050C
YDR051C
YDR052C
YDR054C
YDR055W
YDR057W
YDR058C
YDR059C
YDR060W
YDR062W
YDR063W
YDR064W
YDR065W
YDR066C
YDR067C
YDR068W
YDR069C
YDR070C
YDR071C
YDR072C
YDR073W
YDR074W
YDR075W
YDR076W
YDR077W
YDR078C
YDR079W
YDR079C-A
YDR080W
YDR081C
YDR082W
YDR083W
YDR084C
YDR085C
YDR086C
YDR087C
YDR088C
YDR091C
YDR092W
YDR093W
YDR096W
YDR097C
YDR098C
YDR099W
YDR100W
YDR101C
YDR103W
YDR104C
YDR105C
YDR106W
YDR107C
YDR108W
YDR110W
YDR111C
YDR113C
YDR116C
YDR117C
YDR118W
YDR119W
YDR120C
YDR121W
YDR122W
YDR123C
YDR125C
YDR126W
YDR127W
YDR128W
YDR129C
YDR130C
YDR135C
YDR137W
YDR138W
YDR139C
YDR140W
YDR141C
YDR142C
YDR143C
YDR144C
YDR145W
YDR146C
YDR147W
YDR148C
YDR150W
YDR151C
YDR152W
YDR153C
YDR155C
YDR156W
YDR158W
YDR159W
YDR160W
YDR162C
YDR163W
YDR164C
YDR165W
YDR166C
YDR167W
YDR168W
YDR169C
YDR170C
YDR171W
YDR172W
YDR173C
YDR174W
YDR175C
YDR176W
YDR177W
YDR178W
YDR179C
YDR180W
YDR181C
YDR182W
YDR183W
YDR184C
YDR185C
YDR188W
YDR189W
YDR190C
YDR191W
YDR192C
YDR194C
YDR195W
YDR196C
YDR197W
YDR198C
YDR200C
YDR201W
YDR202C
YDR204W
YDR205W
YDR206W
YDR207C
YDR208W
YDR211W
YDR212W
YDR213W
YDR214W
YDR216W
YDR217C
YDR218C
YDR219C
YDR221W
YDR223W
YDR224C
YDR225W
YDR226W
YDR227W
YDR228C
YDR229W
YDR231C
YDR232W
YDR233C
YDR234W
YDR235W
YDR236C
YDR237W
YDR238C
YDR240C
YDR242W
YDR243C
YDR244W
YDR245W
YDR246W
YDR247W
YDR251W
YDR252W
YDR253C
YDR254W
YDR255C
YDR256C
YDR257C
YDR258C
YDR259C
YDR260C
YDR261C
YDR263C
YDR264C
YDR265W
YDR267C
YDR268W
YDR270W
YDR272W
YDR273W
YDR275W
YDR276C
YDR277C
YDR279W
YDR280W
YDR281C
YDR283C
YDR284C
YDR285W
YDR287W
YDR288W
YDR289C
YDR291W
YDR292C
YDR293C
YDR294C
YDR295C
YDR296W
YDR297W
YDR298C
YDR299W
YDR300C
YDR301W
YDR302W
YDR303C
YDR304C
YDR305C
YDR308C
YDR309C
YDR310C
YDR311W
YDR312W
YDR313C
YDR314C
YDR315C
YDR316W
YDR317W
YDR318W
YDR320C
YDR320C-A
YDR321W
YDR322W
YDR322C-A
YDR323C
YDR324C
YDR325W
YDR326C
YDR328C
YDR329C
YDR330W
YDR331W
YDR332W
YDR334W
YDR335W
YDR337W
YDR339C
YDR342C
YDR343C
YDR345C
YDR346C
YDR347W
YDR349C
YDR350C
YDR351W
YDR353W
YDR354W
YDR356W
YDR357C
YDR358W
YDR359C
YDR361C
YDR362C
YDR363W
YDR363W-A
YDR364C
YDR365C
YDR367W
YDR368W
YDR369C
YDR371W
YDR372C
YDR373W
YDR375C
YDR376W
YDR377W
YDR378C
YDR379W
YDR380W
YDR381W
YDR382W
YDR383C
YDR384C
YDR385W
YDR386W
YDR388W
YDR389W
YDR390C
YDR392W
YDR393W
YDR394W
YDR395W
YDR397C
YDR398W
YDR399W
YDR400W
YDR402C
YDR403W
YDR404C
YDR405W
YDR406W
YDR407C
YDR408C
YDR409W
YDR410C
YDR411C
YDR412W
YDR414C
YDR416W
YDR418W
YDR419W
YDR420W
YDR421W
YDR422C
YDR423C
YDR424C
YDR425W
YDR427W
YDR428C
YDR429C
YDR430C
YDR432W
YDR434W
YDR435C
YDR436W
YDR437W
YDR438W
YDR439W
YDR440W
YDR441C
YDR443C
YDR446W
YDR447C
YDR448W
YDR449C
YDR450W
YDR451C
YDR452W
YDR453C
YDR454C
YDR456W
YDR457W
YDR458C
YDR459C
YDR460W
YDR461W
YDR462W
YDR463W
YDR464W
YDR465C
YDR466W
YDR468C
YDR469W
YDR470C
YDR471W
YDR472W
YDR473C
YDR475C
YDR477W
YDR478W
YDR479C
YDR480W
YDR481C
YDR482C
YDR483W
YDR484W
YDR485C
YDR486C
YDR487C
YDR488C
YDR489W
YDR490C
YDR492W
YDR493W
YDR494W
YDR495C
YDR496C
YDR497C
YDR498C
YDR499W
YDR500C
YDR501W
YDR502C
YDR503C
YDR504C
YDR505C
YDR507C
YDR508C
YDR510W
YDR511W
YDR512C
YDR513W
YDR515W
YDR516C
YDR517W
YDR518W
YDR519W
YDR520C
YDR522C
YDR523C
YDR524C
YDR525W-A
YDR527W
YDR528W
YDR529C
YDR530C
YDR531W
YDR532C
YDR533C
YDR534C
YDR536W
YDR538W
YDR539W
YDR540C
YDR542W
YDR545W
YEL072W
YEL071W
YEL070W
YEL069C
YEL066W
YEL065W
YEL064C
YEL063C
YEL062W
YEL061C
YEL060C
YEL059C-A
YEL058W
YEL056W
YEL055C
YEL054C
YEL053C
YEL052W
YEL051W
YEL050C
YEL049W
YEL048C
YEL046C
YEL044W
YEL042W
YEL041W
YEL040W
YEL039C
YEL038W
YEL037C
YEL036C
YEL035C
YEL034W
YEL033W
YEL032W
YEL031W
YEL030W
YEL029C
YEL027W
YEL026W
YEL024W
YEL022W
YEL021W
YEL020W-A
YEL019C
YEL018W
YEL017C-A
YEL017W
YEL016C
YEL015W
YEL013W
YEL012W
YEL011W
YEL009C
YEL006W
YEL005C
YEL004W
YEL003W
YEL002C
YEL001C
YER001W
YER002W
YER003C
YER004W
YER005W
YER006W
YER007W
YER007C-A
YER008C
YER009W
YER011W
YER012W
YER013W
YER014W
YER014C-A
YER015W
YER016W
YER017C
YER018C
YER019W
YER019C-A
YER020W
YER021W
YER022W
YER023W
YER024W
YER025W
YER026C
YER027C
YER028C
YER029C
YER030W
YER031C
YER032W
YER033C
YER035W
YER036C
YER037W
YER038C
YER039C
YER040W
YER041W
YER042W
YER043C
YER044C
YER044C-A
YER045C
YER046W
YER047C
YER048C
YER048W-A
YER049W
YER050C
YER051W
YER052C
YER053C
YER054C
YER055C
YER056C
YER056C-A
YER057C
YER058W
YER059W
YER060W
YER060W-A
YER061C
YER062C
YER063W
YER065C
YER066W
YER067W
YER068W
YER069W
YER070W
YER072W
YER073W
YER074W
YER074W-A
YER075C
YER078C
YER080W
YER081W
YER082C
YER083C
YER086W
YER087W
YER087C-B
YER088C
YER089C
YER090W
YER091C
YER092W
YER093C
YER093C-A
YER094C
YER095W
YER096W
YER098W
YER099C
YER100W
YER101C
YER102W
YER103W
YER104W
YER105C
YER106W
YER107C
YER109C
YER110C
YER111C
YER112W
YER113C
YER114C
YER115C
YER116C
YER117W
YER118C
YER119C
YER120W
YER122C
YER123W
YER124C
YER125W
YER126C
YER127W
YER129W
YER131W
YER132C
YER133W
YER136W
YER139C
YER141W
YER142C
YER143W
YER144C
YER145C
YER146W
YER147C
YER148W
YER149C
YER150W
YER151C
YER153C
YER154W
YER155C
YER157W
YER159C
YER161C
YER162C
YER164W
YER165W
YER166W
YER167W
YER168C
YER169W
YER170W
YER171W
YER172C
YER173W
YER174C
YER175C
YER176W
YER177W
YER178W
YER179W
YER180C
YER180C-A
YER182W
YER183C
YER185W
YER190W
YFL062W
YFL061W
YFL060C
YFL059W
YFL058W
YFL057C
YFL056C
YFL055W
YFL053W
YFL050C
YFL049W
YFL048C
YFL047W
YFL046W
YFL045C
YFL044C
YFL041W
YFL039C
YFL038C
YFL037W
YFL036W
YFL034C-B
YFL034C-A
YFL033C
YFL031W
YFL030W
YFL029C
YFL028C
YFL027C
YFL026W
YFL025C
YFL024C
YFL023W
YFL022C
YFL021W
YFL020C
YFL018C
YFL017W-A
YFL017C
YFL016C
YFL014W
YFL013C
YFL011W
YFL010W-A
YFL010C
YFL009W
YFL008W
YFL007W
YFL005W
YFL004W
YFL003C
YFL002C
YFL001W
YFR001W
YFR002W
YFR003C
YFR004W
YFR005C
YFR007W
YFR008W
YFR009W
YFR010W
YFR011C
YFR013W
YFR014C
YFR015C
YFR019W
YFR021W
YFR022W
YFR023W
YFR024C-A
YFR025C
YFR026C
YFR027W
YFR028C
YFR029W
YFR030W
YFR031C
YFR031C-A
YFR032C
YFR032C-A
YFR033C
YFR034C
YFR036W
YFR037C
YFR038W
YFR040W
YFR041C
YFR042W
YFR043C
YFR044C
YFR046C
YFR047C
YFR048W
YFR049W
YFR050C
YFR051C
YFR052W
YFR053C
YFR055W
YGL263W
YGL261C
YGL259W
YGL258W
YGL257C
YGL256W
YGL255W
YGL254W
YGL253W
YGL252C
YGL251C
YGL250W
YGL249W
YGL248W
YGL247W
YGL246C
YGL245W
YGL244W
YGL243W
YGL241W
YGL240W
YGL238W
YGL237C
YGL236C
YGL234W
YGL233W
YGL232W
YGL231C
YGL229C
YGL228W
YGL227W
YGL226C-A
YGL226W
YGL225W
YGL224C
YGL223C
YGL222C
YGL221C
YGL220W
YGL219C
YGL216W
YGL215W
YGL213C
YGL212W
YGL211W
YGL210W
YGL209W
YGL208W
YGL207W
YGL206C
YGL205W
YGL203C
YGL202W
YGL201C
YGL200C
YGL198W
YGL197W
YGL196W
YGL195W
YGL194C
YGL192W
YGL191W
YGL190C
YGL189C
YGL187C
YGL186C
YGL184C
YGL183C
YGL181W
YGL180W
YGL179C
YGL178W
YGL175C
YGL174W
YGL173C
YGL172W
YGL171W
YGL170C
YGL169W
YGL168W
YGL167C
YGL166W
YGL164C
YGL163C
YGL162W
YGL161C
YGL160W
YGL158W
YGL157W
YGL156W
YGL155W
YGL154C
YGL153W
YGL151W
YGL150C
YGL148W
YGL147C
YGL146C
YGL145W
YGL144C
YGL143C
YGL142C
YGL141W
YGL139W
YGL137W
YGL136C
YGL135W
YGL134W
YGL133W
YGL131C
YGL130W
YGL129C
YGL128C
YGL127C
YGL126W
YGL125W
YGL124C
YGL123W
YGL122C
YGL121C
YGL120C
YGL119W
YGL116W
YGL115W
YGL113W
YGL112C
YGL111W
YGL110C
YGL107C
YGL106W
YGL105W
YGL104C
YGL103W
YGL100W
YGL099W
YGL098W
YGL097W
YGL096W
YGL095C
YGL094C
YGL093W
YGL092W
YGL091C
YGL090W
YGL089C
YGL087C
YGL086W
YGL085W
YGL084C
YGL083W
YGL080W
YGL079W
YGL078C
YGL077C
YGL076C
YGL075C
YGL073W
YGL071W
YGL070C
YGL068W
YGL067W
YGL066W
YGL065C
YGL064C
YGL063W
YGL062W
YGL061C
YGL060W
YGL059W
YGL058W
YGL057C
YGL056C
YGL055W
YGL054C
YGL053W
YGL051W
YGL050W
YGL049C
YGL048C
YGL047W
YGL045W
YGL044C
YGL043W
YGL040C
YGL038C
YGL037C
YGL035C
YGL033W
YGL032C
YGL031C
YGL030W
YGL029W
YGL028C
YGL027C
YGL026C
YGL025C
YGL023C
YGL022W
YGL021W
YGL020C
YGL019W
YGL018C
YGL017W
YGL016W
YGL014W
YGL013C
YGL012W
YGL011C
YGL009C
YGL008C
YGL006W
YGL005C
YGL004C
YGL003C
YGL002W
YGL001C
YGR002C
YGR003W
YGR004W
YGR005C
YGR006W
YGR007W
YGR008C
YGR009C
YGR010W
YGR013W
YGR014W
YGR019W
YGR020C
YGR023W
YGR024C
YGR027C
YGR028W
YGR029W
YGR030C
YGR031C-A
YGR032W
YGR033C
YGR034W
YGR036C
YGR037C
YGR038W
YGR040W
YGR041W
YGR043C
YGR044C
YGR046W
YGR047C
YGR048W
YGR049W
YGR052W
YGR055W
YGR056W
YGR057C
YGR058W
YGR059W
YGR060W
YGR061C
YGR062C
YGR063C
YGR065C
YGR068C
YGR070W
YGR072W
YGR074W
YGR075C
YGR076C
YGR077C
YGR078C
YGR080W
YGR081C
YGR082W
YGR083C
YGR084C
YGR085C
YGR086C
YGR087C
YGR088W
YGR089W
YGR090W
YGR091W
YGR092W
YGR094W
YGR095C
YGR096W
YGR097W
YGR098C
YGR099W
YGR100W
YGR101W
YGR103W
YGR104C
YGR105W
YGR106C
YGR108W
YGR109C
YGR110W
YGR112W
YGR113W
YGR116W
YGR118W
YGR119C
YGR120C
YGR121C
YGR123C
YGR124W
YGR128C
YGR129W
YGR131W
YGR132C
YGR133W
YGR134W
YGR135W
YGR136W
YGR138C
YGR140W
YGR141W
YGR142W
YGR143W
YGR144W
YGR145W
YGR146C
YGR147C
YGR148C
YGR150C
YGR152C
YGR154C
YGR155W
YGR156W
YGR157W
YGR158C
YGR159C
YGR161C
YGR162W
YGR163W
YGR165W
YGR166W
YGR167W
YGR169C
YGR170W
YGR171C
YGR172C
YGR173W
YGR174C
YGR175C
YGR177C
YGR178C
YGR179C
YGR180C
YGR181W
YGR183C
YGR184C
YGR185C
YGR186W
YGR187C
YGR188C
YGR189C
YGR191W
YGR192C
YGR193C
YGR194C
YGR195W
YGR196C
YGR197C
YGR198W
YGR199W
YGR200C
YGR202C
YGR203W
YGR204W
YGR206W
YGR208W
YGR209C
YGR211W
YGR212W
YGR213C
YGR214W
YGR215W
YGR216C
YGR217W
YGR218W
YGR220C
YGR221C
YGR222W
YGR223C
YGR224W
YGR225W
YGR227W
YGR229C
YGR230W
YGR231C
YGR232W
YGR233C
YGR234W
YGR236C
YGR238C
YGR239C
YGR240C
YGR241C
YGR243W
YGR244C
YGR245C
YGR246C
YGR247W
YGR248W
YGR249W
YGR252W
YGR253C
YGR254W
YGR255C
YGR256W
YGR257C
YGR258C
YGR260W
YGR261C
YGR262C
YGR263C
YGR264C
YGR267C
YGR268C
YGR270W
YGR271W
YGR271C-A
YGR274C
YGR275W
YGR276C
YGR277C
YGR278W
YGR279C
YGR280C
YGR281W
YGR282C
YGR284C
YGR285C
YGR286C
YGR287C
YGR288W
YGR289C
YGR292W
YGR294W
YGR295C
YGR296W
YHL048W
YHL047C
YHL046C
YHL043W
YHL040C
YHL039W
YHL038C
YHL036W
YHL035C
YHL034C
YHL033C
YHL032C
YHL031C
YHL030W
YHL029C
YHL028W
YHL027W
YHL025W
YHL024W
YHL023C
YHL022C
YHL021C
YHL020C
YHL019C
YHL016C
YHL015W
YHL014C
YHL013C
YHL011C
YHL010C
YHL009C
YHL007C
YHL006C
YHL004W
YHL003C
YHL002W
YHL001W
YHR001W
YHR001W-A
YHR002W
YHR004C
YHR005C
YHR005C-A
YHR006W
YHR007C
YHR008C
YHR010W
YHR011W
YHR012W
YHR013C
YHR014W
YHR015W
YHR016C
YHR017W
YHR018C
YHR019C
YHR021C
YHR021W-A
YHR023W
YHR024C
YHR025W
YHR026W
YHR027C
YHR028C
YHR029C
YHR030C
YHR031C
YHR032W
YHR034C
YHR036W
YHR037W
YHR038W
YHR039C
YHR039C-A
YHR040W
YHR041C
YHR042W
YHR043C
YHR044C
YHR046C
YHR047C
YHR048W
YHR049W
YHR050W
YHR051W
YHR052W
YHR053C
YHR055C
YHR056C
YHR057C
YHR058C
YHR059W
YHR060W
YHR061C
YHR062C
YHR063C
YHR064C
YHR065C
YHR066W
YHR067W
YHR068W
YHR069C
YHR070W
YHR071W
YHR072W
YHR072W-A
YHR073W
YHR074W
YHR075C
YHR076W
YHR077C
YHR079C
YHR079C-A
YHR081W
YHR082C
YHR083W
YHR084W
YHR085W
YHR086W
YHR087W
YHR088W
YHR089C
YHR090C
YHR091C
YHR092C
YHR094C
YHR096C
YHR098C
YHR099W
YHR100C
YHR101C
YHR102W
YHR103W
YHR104W
YHR105W
YHR106W
YHR107C
YHR108W
YHR109W
YHR110W
YHR111W
YHR114W
YHR115C
YHR116W
YHR117W
YHR118C
YHR119W
YHR120W
YHR121W
YHR123W
YHR124W
YHR126C
YHR128W
YHR129C
YHR132C
YHR132W-A
YHR133C
YHR134W
YHR135C
YHR136C
YHR137W
YHR139C
YHR141C
YHR142W
YHR143W
YHR143W-A
YHR144C
YHR146W
YHR147C
YHR148W
YHR149C
YHR150W
YHR151C
YHR152W
YHR153C
YHR154W
YHR155W
YHR156C
YHR157W
YHR158C
YHR160C
YHR161C
YHR163W
YHR164C
YHR165C
YHR166C
YHR167W
YHR168W
YHR169W
YHR170W
YHR171W
YHR172W
YHR174W
YHR175W
YHR176W
YHR178W
YHR179W
YHR181W
YHR183W
YHR184W
YHR185C
YHR186C
YHR187W
YHR188C
YHR189W
YHR190W
YHR191C
YHR193C
YHR194W
YHR195W
YHR196W
YHR197W
YHR198C
YHR199C
YHR199C-A
YHR200W
YHR201C
YHR203C
YHR204W
YHR205W
YHR206W
YHR207C
YHR208W
YHR209W
YHR211W
YHR215W
YHR216W
YIL176C
YIL173W
YIL172C
YIL164C
YIL162W
YIL160C
YIL159W
YIL158W
YIL157C
YIL156W
YIL155C
YIL154C
YIL153W
YIL150C
YIL149C
YIL148W
YIL147C
YIL146C
YIL145C
YIL144W
YIL143C
YIL142W
YIL140W
YIL139C
YIL138C
YIL137C
YIL136W
YIL135C
YIL134W
YIL133C
YIL132C
YIL131C
YIL130W
YIL129C
YIL128W
YIL127C
YIL126W
YIL125W
YIL124W
YIL123W
YIL122W
YIL121W
YIL120W
YIL119C
YIL118W
YIL117C
YIL116W
YIL115C
YIL114C
YIL113W
YIL112W
YIL111W
YIL110W
YIL109C
YIL107C
YIL106W
YIL105C
YIL104C
YIL103W
YIL101C
YIL099W
YIL098C
YIL097W
YIL095W
YIL094C
YIL093C
YIL091C
YIL090W
YIL088C
YIL087C
YIL085C
YIL084C
YIL083C
YIL079C
YIL078W
YIL076W
YIL075C
YIL074C
YIL073C
YIL072W
YIL071C
YIL070C
YIL069C
YIL068C
YIL066C
YIL065C
YIL064W
YIL063C
YIL062C
YIL061C
YIL057C
YIL056W
YIL053W
YIL052C
YIL051C
YIL050W
YIL049W
YIL048W
YIL047C
YIL046W
YIL045W
YIL044C
YIL043C
YIL042C
YIL041W
YIL040W
YIL039W
YIL038C
YIL037C
YIL036W
YIL035C
YIL034C
YIL033C
YIL031W
YIL030C
YIL027C
YIL026C
YIL023C
YIL022W
YIL021W
YIL020C
YIL019W
YIL018W
YIL017C
YIL016W
YIL015W
YIL014W
YIL013C
YIL011W
YIL010W
YIL009C-A
YIL009W
YIL008W
YIL007C
YIL006W
YIL005W
YIL004C
YIL003W
YIL002C
YIR001C
YIR002C
YIR003W
YIR004W
YIR005W
YIR006C
YIR008C
YIR009W
YIR010W
YIR011C
YIR012W
YIR013C
YIR015W
YIR017C
YIR018W
YIR019C
YIR021W
YIR022W
YIR023W
YIR025W
YIR026C
YIR027C
YIR028W
YIR029W
YIR030C
YIR031C
YIR032C
YIR033W
YIR034C
YIR036C
YIR037W
YIR038C
YIR039C
YIR041W
YJL223C
YJL222W
YJL221C
YJL219W
YJL217W
YJL216C
YJL214W
YJL212C
YJL210W
YJL209W
YJL208C
YJL207C
YJL205C
YJL204C
YJL203W
YJL201W
YJL200C
YJL198W
YJL197W
YJL196C
YJL194W
YJL192C
YJL191W
YJL190C
YJL189W
YJL187C
YJL186W
YJL184W
YJL183W
YJL180C
YJL179W
YJL178C
YJL177W
YJL176C
YJL174W
YJL173C
YJL172W
YJL170C
YJL168C
YJL167W
YJL166W
YJL165C
YJL164C
YJL162C
YJL161W
YJL159W
YJL158C
YJL157C
YJL156C
YJL155C
YJL154C
YJL153C
YJL151C
YJL149W
YJL148W
YJL146W
YJL145W
YJL143W
YJL141C
YJL140W
YJL139C
YJL138C
YJL137C
YJL136C
YJL134W
YJL133W
YJL131C
YJL130C
YJL129C
YJL128C
YJL127C
YJL126W
YJL125C
YJL124C
YJL123C
YJL122W
YJL121C
YJL117W
YJL116C
YJL115W
YJL112W
YJL111W
YJL110C
YJL109C
YJL108C
YJL106W
YJL105W
YJL104W
YJL103C
YJL102W
YJL101C
YJL100W
YJL099W
YJL098W
YJL097W
YJL096W
YJL095W
YJL094C
YJL093C
YJL092W
YJL091C
YJL090C
YJL089W
YJL088W
YJL087C
YJL085W
YJL084C
YJL083W
YJL082W
YJL081C
YJL080C
YJL079C
YJL078C
YJL077C
YJL076W
YJL074C
YJL073W
YJL072C
YJL071W
YJL069C
YJL066C
YJL065C
YJL063C
YJL062W-A
YJL062W
YJL061W
YJL060W
YJL059W
YJL058C
YJL057C
YJL056C
YJL054W
YJL053W
YJL052W
YJL051W
YJL050W
YJL048C
YJL047C
YJL046W
YJL044C
YJL042W
YJL041W
YJL039C
YJL038C
YJL037W
YJL036W
YJL035C
YJL034W
YJL033W
YJL031C
YJL030W
YJL029C
YJL026W
YJL025W
YJL024C
YJL023C
YJL020C
YJL019W
YJL014W
YJL013C
YJL012C
YJL011C
YJL010C
YJL008C
YJL006C
YJL005W
YJL004C
YJL003W
YJL002C
YJL001W
YJR001W
YJR002W
YJR004C
YJR005W
YJR006W
YJR007W
YJR009C
YJR010W
YJR010C-A
YJR013W
YJR014W
YJR016C
YJR017C
YJR019C
YJR021C
YJR022W
YJR024C
YJR025C
YJR031C
YJR032W
YJR033C
YJR034W
YJR035W
YJR036C
YJR040W
YJR041C
YJR042W
YJR043C
YJR044C
YJR045C
YJR046W
YJR047C
YJR048W
YJR049C
YJR050W
YJR051W
YJR052W
YJR053W
YJR055W
YJR057W
YJR058C
YJR059W
YJR060W
YJR062C
YJR063W
YJR064W
YJR065C
YJR066W
YJR067C
YJR068W
YJR069C
YJR070C
YJR072C
YJR073C
YJR074W
YJR075W
YJR076C
YJR077C
YJR078W
YJR080C
YJR082C
YJR083C
YJR084W
YJR086W
YJR088C
YJR089W
YJR090C
YJR091C
YJR092W
YJR093C
YJR094C
YJR094W-A
YJR095W
YJR097W
YJR099W
YJR100C
YJR101W
YJR102C
YJR103W
YJR104C
YJR105W
YJR106W
YJR108W
YJR109C
YJR110W
YJR112W
YJR113C
YJR117W
YJR118C
YJR119C
YJR121W
YJR122W
YJR123W
YJR125C
YJR126C
YJR127C
YJR130C
YJR131W
YJR132W
YJR133W
YJR134C
YJR135C
YJR135W-A
YJR136C
YJR137C
YJR138W
YJR139C
YJR140C
YJR143C
YJR144W
YJR145C
YJR147W
YJR148W
YJR150C
YJR151C
YJR152W
YJR153W
YJR155W
YJR156C
YJR158W
YJR159W
YJR160C
YJR161C
YKL224C
YKL221W
YKL220C
YKL219W
YKL218C
YKL217W
YKL216W
YKL215C
YKL214C
YKL213C
YKL212W
YKL211C
YKL210W
YKL209C
YKL208W
YKL207W
YKL206C
YKL205W
YKL204W
YKL203C
YKL201C
YKL198C
YKL197C
YKL196C
YKL195W
YKL194C
YKL193C
YKL192C
YKL191W
YKL190W
YKL189W
YKL188C
YKL186C
YKL185W
YKL184W
YKL183W
YKL182W
YKL181W
YKL180W
YKL179C
YKL178C
YKL176C
YKL175W
YKL174C
YKL173W
YKL172W
YKL171W
YKL170W
YKL168C
YKL167C
YKL166C
YKL165C
YKL164C
YKL163W
YKL161C
YKL160W
YKL159C
YKL157W
YKL156W
YKL155C
YKL154W
YKL152C
YKL150W
YKL149C
YKL148C
YKL146W
YKL145W
YKL144C
YKL143W
YKL142W
YKL141W
YKL140W
YKL139W
YKL138C-A
YKL138C
YKL137W
YKL135C
YKL134C
YKL132C
YKL130C
YKL129C
YKL128C
YKL127W
YKL126W
YKL125W
YKL124W
YKL122C
YKL121W
YKL120W
YKL119C
YKL117W
YKL116C
YKL114C
YKL113C
YKL112W
YKL110C
YKL109W
YKL108W
YKL106W
YKL104C
YKL103C
YKL101W
YKL099C
YKL098W
YKL096W-A
YKL096W
YKL095W
YKL094W
YKL093W
YKL092C
YKL090W
YKL089W
YKL088W
YKL087C
YKL086W
YKL085W
YKL084W
YKL082C
YKL081W
YKL080W
YKL079W
YKL078W
YKL074C
YKL073W
YKL072W
YKL068W
YKL067W
YKL065C
YKL064W
YKL062W
YKL061W
YKL060C
YKL059C
YKL058W
YKL057C
YKL056C
YKL055C
YKL054C
YKL053C-A
YKL052C
YKL051W
YKL049C
YKL048C
YKL046C
YKL045W
YKL043W
YKL042W
YKL041W
YKL040C
YKL039W
YKL038W
YKL037W
YKL035W
YKL034W
YKL033W
YKL032C
YKL029C
YKL028W
YKL026C
YKL025C
YKL024C
YKL022C
YKL021C
YKL020C
YKL019W
YKL018W
YKL017C
YKL016C
YKL015W
YKL014C
YKL013C
YKL012W
YKL011C
YKL010C
YKL009W
YKL008C
YKL007W
YKL006C-A
YKL006W
YKL005C
YKL004W
YKL003C
YKL002W
YKL001C
YKR001C
YKR002W
YKR003W
YKR004C
YKR006C
YKR007W
YKR008W
YKR009C
YKR010C
YKR013W
YKR014C
YKR016W
YKR019C
YKR020W
YKR021W
YKR022C
YKR024C
YKR025W
YKR026C
YKR027W
YKR028W
YKR029C
YKR030W
YKR031C
YKR034W
YKR035W-A
YKR036C
YKR037C
YKR038C
YKR039W
YKR042W
YKR044W
YKR046C
YKR048C
YKR049C
YKR050W
YKR052C
YKR053C
YKR054C
YKR055W
YKR056W
YKR057W
YKR058W
YKR059W
YKR060W
YKR061W
YKR062W
YKR063C
YKR064W
YKR065C
YKR066C
YKR067W
YKR068C
YKR069W
YKR071C
YKR072C
YKR074W
YKR076W
YKR077W
YKR079C
YKR080W
YKR081C
YKR082W
YKR083C
YKR084C
YKR085C
YKR086W
YKR087C
YKR088C
YKR089C
YKR090W
YKR091W
YKR092C
YKR093W
YKR094C
YKR095W
YKR095W-A
YKR097W
YKR098C
YKR099W
YKR100C
YKR101W
YKR102W
YKR103W
YKR105C
YLL064C
YLL063C
YLL062C
YLL061W
YLL060C
YLL057C
YLL055W
YLL052C
YLL051C
YLL050C
YLL049W
YLL048C
YLL046C
YLL045C
YLL043W
YLL042C
YLL041C
YLL040C
YLL039C
YLL038C
YLL036C
YLL035W
YLL034C
YLL033W
YLL031C
YLL029W
YLL028W
YLL027W
YLL026W
YLL025W
YLL024C
YLL023C
YLL022C
YLL021W
YLL019C
YLL018C-A
YLL018C
YLL015W
YLL014W
YLL013C
YLL012W
YLL011W
YLL010C
YLL009C
YLL008W
YLL006W
YLL005C
YLL004W
YLL003W
YLL002W
YLL001W
YLR002C
YLR003C
YLR004C
YLR005W
YLR006C
YLR007W
YLR008C
YLR009W
YLR010C
YLR011W
YLR013W
YLR014C
YLR015W
YLR016C
YLR017W
YLR018C
YLR019W
YLR020C
YLR021W
YLR022C
YLR023C
YLR024C
YLR025W
YLR026C
YLR027C
YLR028C
YLR029C
YLR032W
YLR033W
YLR034C
YLR035C
YLR037C
YLR038C
YLR039C
YLR043C
YLR044C
YLR045C
YLR047C
YLR048W
YLR051C
YLR052W
YLR054C
YLR055C
YLR056W
YLR058C
YLR059C
YLR060W
YLR061W
YLR064W
YLR066W
YLR067C
YLR068W
YLR069C
YLR070C
YLR071C
YLR073C
YLR074C
YLR075W
YLR077W
YLR078C
YLR079W
YLR080W
YLR081W
YLR082C
YLR083C
YLR084C
YLR085C
YLR086W
YLR087C
YLR088W
YLR089C
YLR090W
YLR091W
YLR092W
YLR093C
YLR094C
YLR095C
YLR096W
YLR097C
YLR098C
YLR099C
YLR100W
YLR102C
YLR103C
YLR104W
YLR105C
YLR106C
YLR107W
YLR109W
YLR110C
YLR113W
YLR114C
YLR115W
YLR116W
YLR117C
YLR119W
YLR120C
YLR121C
YLR127C
YLR128W
YLR129W
YLR130C
YLR131C
YLR133W
YLR134W
YLR135W
YLR136C
YLR138W
YLR139C
YLR141W
YLR142W
YLR144C
YLR145W
YLR146C
YLR147C
YLR148W
YLR150W
YLR151C
YLR153C
YLR154C
YLR154W-C
YLR155C
YLR157C
YLR158C
YLR160C
YLR162W-A
YLR163C
YLR165C
YLR166C
YLR167W
YLR168C
YLR170C
YLR172C
YLR174W
YLR175W
YLR176C
YLR178C
YLR180W
YLR181C
YLR182W
YLR183C
YLR185W
YLR186W
YLR187W
YLR188W
YLR189C
YLR190W
YLR191W
YLR192C
YLR193C
YLR195C
YLR196W
YLR197W
YLR199C
YLR200W
YLR201C
YLR203C
YLR204W
YLR205C
YLR206W
YLR207W
YLR208W
YLR209C
YLR210W
YLR212C
YLR213C
YLR214W
YLR215C
YLR216C
YLR218C
YLR219W
YLR220W
YLR221C
YLR222C
YLR223C
YLR226W
YLR227C
YLR228C
YLR229C
YLR231C
YLR233C
YLR234W
YLR237W
YLR238W
YLR239C
YLR240W
YLR242C
YLR244C
YLR245C
YLR246W
YLR247C
YLR248W
YLR249W
YLR250W
YLR251W
YLR254C
YLR256W
YLR258W
YLR259C
YLR260W
YLR262C
YLR262C-A
YLR263W
YLR264W
YLR265C
YLR266C
YLR267W
YLR268W
YLR270W
YLR272C
YLR273C
YLR274W
YLR275W
YLR276C
YLR277C
YLR284C
YLR285W
YLR286C
YLR287C-A
YLR288C
YLR289W
YLR291C
YLR292C
YLR293C
YLR295C
YLR298C
YLR299W
YLR300W
YLR303W
YLR304C
YLR305C
YLR306W
YLR307W
YLR308W
YLR309C
YLR310C
YLR312W-A
YLR313C
YLR314C
YLR315W
YLR316C
YLR318W
YLR319C
YLR320W
YLR321C
YLR323C
YLR324W
YLR325C
YLR327C
YLR328W
YLR329W
YLR330W
YLR332W
YLR333C
YLR335W
YLR336C
YLR337C
YLR340W
YLR341W
YLR342W
YLR343W
YLR344W
YLR347C
YLR348C
YLR350W
YLR351C
YLR353W
YLR354C
YLR355C
YLR356W
YLR357W
YLR359W
YLR360W
YLR361C
YLR362W
YLR363C
YLR364W
YLR367W
YLR368W
YLR369W
YLR370C
YLR371W
YLR372W
YLR373C
YLR375W
YLR376C
YLR377C
YLR378C
YLR380W
YLR381W
YLR382C
YLR383W
YLR384C
YLR385C
YLR386W
YLR387C
YLR388W
YLR389C
YLR390W
YLR390W-A
YLR392C
YLR393W
YLR394W
YLR395C
YLR396C
YLR397C
YLR398C
YLR399C
YLR401C
YLR403W
YLR404W
YLR405W
YLR406C
YLR408C
YLR409C
YLR410W
YLR411W
YLR412W
YLR414C
YLR417W
YLR418C
YLR420W
YLR421C
YLR423C
YLR424W
YLR425W
YLR427W
YLR429W
YLR430W
YLR431C
YLR432W
YLR433C
YLR435W
YLR436C
YLR437C
YLR438W
YLR438C-A
YLR439W
YLR440C
YLR441C
YLR442C
YLR443W
YLR447C
YLR448W
YLR449W
YLR450W
YLR451W
YLR452C
YLR453C
YLR454W
YLR457C
YLR459W
YLR461W
YLR466W
YLR467W
YML132W
YML130C
YML129C
YML128C
YML127W
YML126C
YML125C
YML124C
YML123C
YML121W
YML120C
YML118W
YML117W
YML116W
YML115C
YML114C
YML113W
YML112W
YML111W
YML110C
YML109W
YML107C
YML106W
YML105C
YML104C
YML103C
YML102W
YML101C
YML100W
YML099C
YML098W
YML097C
YML095C
YML094W
YML093W
YML092C
YML091C
YML088W
YML087C
YML086C
YML085C
YML081C-A
YML080W
YML078W
YML077W
YML076C
YML075C
YML074C
YML073C
YML072C
YML071C
YML070W
YML069W
YML068W
YML067C
YML066C
YML065W
YML064C
YML063W
YML062C
YML061C
YML060W
YML059C
YML058W-A
YML058W
YML057W
YML056C
YML055W
YML054C
YML052W
YML051W
YML050W
YML049C
YML048W
YML047C
YML046W
YML043C
YML042W
YML041C
YML038C
YML036W
YML035C
YML034W
YML032C
YML031W
YML030W
YML029W
YML028W
YML027W
YML026C
YML025C
YML024W
YML023C
YML022W
YML021C
YML019W
YML017W
YML016C
YML015C
YML014W
YML013W
YML012W
YML011C
YML010W
YML009C
YML008C
YML007W
YML006C
YML005W
YML004C
YML001W
YMR001C
YMR002W
YMR003W
YMR004W
YMR005W
YMR006C
YMR008C
YMR009W
YMR011W
YMR012W
YMR013C
YMR014W
YMR015C
YMR016C
YMR017W
YMR019W
YMR020W
YMR021C
YMR022W
YMR023C
YMR024W
YMR025W
YMR026C
YMR028W
YMR029C
YMR030W
YMR032W
YMR033W
YMR035W
YMR036C
YMR037C
YMR038C
YMR039C
YMR040W
YMR041C
YMR042W
YMR043W
YMR044W
YMR047C
YMR048W
YMR049C
YMR052W
YMR053C
YMR054W
YMR055C
YMR056C
YMR058W
YMR059W
YMR060C
YMR061W
YMR062C
YMR063W
YMR064W
YMR065W
YMR066W
YMR067C
YMR068W
YMR069W
YMR070W
YMR071C
YMR072W
YMR073C
YMR075W
YMR076C
YMR077C
YMR078C
YMR079W
YMR080C
YMR081C
YMR083W
YMR088C
YMR089C
YMR091C
YMR092C
YMR093W
YMR094W
YMR095C
YMR096W
YMR097C
YMR098C
YMR100W
YMR101C
YMR104C
YMR105C
YMR106C
YMR107W
YMR108W
YMR109W
YMR110C
YMR112C
YMR113W
YMR115W
YMR116C
YMR117C
YMR119W
YMR120C
YMR121C
YMR123W
YMR125W
YMR126C
YMR127C
YMR128W
YMR129W
YMR131C
YMR132C
YMR133W
YMR135C
YMR136W
YMR137C
YMR138W
YMR139W
YMR140W
YMR142C
YMR143W
YMR145C
YMR146C
YMR148W
YMR149W
YMR150C
YMR152W
YMR153W
YMR154C
YMR156C
YMR157C
YMR158W
YMR159C
YMR161W
YMR162C
YMR163C
YMR164C
YMR165C
YMR167W
YMR168C
YMR169C
YMR170C
YMR171C
YMR172W
YMR173W
YMR174C
YMR175W
YMR176W
YMR177W
YMR179W
YMR180C
YMR182C
YMR183C
YMR184W
YMR186W
YMR188C
YMR189W
YMR190C
YMR191W
YMR192W
YMR193W
YMR194W
YMR194C-B
YMR195W
YMR197C
YMR198W
YMR199W
YMR200W
YMR201C
YMR202W
YMR203W
YMR204C
YMR205C
YMR207C
YMR208W
YMR211W
YMR212C
YMR213W
YMR214W
YMR215W
YMR216C
YMR217W
YMR218C
YMR219W
YMR220W
YMR222C
YMR223W
YMR224C
YMR225C
YMR227C
YMR228W
YMR229C
YMR230W
YMR231W
YMR232W
YMR233W
YMR234W
YMR235C
YMR236W
YMR237W
YMR238W
YMR239C
YMR240C
YMR241W
YMR242C
YMR243C
YMR246W
YMR247C
YMR250W
YMR251W
YMR251W-A
YMR255W
YMR256C
YMR257C
YMR260C
YMR261C
YMR263W
YMR264W
YMR266W
YMR267W
YMR268C
YMR269W
YMR270C
YMR271C
YMR272C
YMR273C
YMR274C
YMR275C
YMR276W
YMR277W
YMR278W
YMR280C
YMR281W
YMR282C
YMR283C
YMR284W
YMR285C
YMR286W
YMR287C
YMR288W
YMR289W
YMR290C
YMR292W
YMR293C
YMR294W
YMR296C
YMR297W
YMR298W
YMR299C
YMR300C
YMR301C
YMR302C
YMR303C
YMR304W
YMR305C
YMR306W
YMR307W
YMR308C
YMR309C
YMR311C
YMR312W
YMR313C
YMR314W
YMR316W
YMR318C
YMR319C
YMR322C
YMR323W
YMR325W
YNL339C
YNL336W
YNL335W
YNL334C
YNL333W
YNL332W
YNL331C
YNL330C
YNL329C
YNL328C
YNL327W
YNL326C
YNL325C
YNL323W
YNL322C
YNL321W
YNL318C
YNL317W
YNL316C
YNL315C
YNL314W
YNL313C
YNL312W
YNL311C
YNL310C
YNL309W
YNL308C
YNL307C
YNL306W
YNL304W
YNL302C
YNL301C
YNL300W
YNL299W
YNL298W
YNL297C
YNL294C
YNL293W
YNL292W
YNL291C
YNL290W
YNL289W
YNL288W
YNL287W
YNL286W
YNL284C
YNL283C
YNL282W
YNL281W
YNL280C
YNL279W
YNL278W
YNL277W
YNL275W
YNL274C
YNL273W
YNL272C
YNL271C
YNL270C
YNL269W
YNL268W
YNL267W
YNL265C
YNL264C
YNL263C
YNL262W
YNL261W
YNL259C
YNL258C
YNL257C
YNL256W
YNL255C
YNL254C
YNL253W
YNL252C
YNL251C
YNL250W
YNL249C
YNL248C
YNL246W
YNL245C
YNL244C
YNL243W
YNL242W
YNL241C
YNL240C
YNL239W
YNL238W
YNL237W
YNL236W
YNL233W
YNL232W
YNL231C
YNL230C
YNL229C
YNL227C
YNL225C
YNL224C
YNL223W
YNL222W
YNL221C
YNL220W
YNL219C
YNL218W
YNL216W
YNL215W
YNL214W
YNL213C
YNL212W
YNL210W
YNL209W
YNL207W
YNL206C
YNL204C
YNL202W
YNL201C
YNL199C
YNL197C
YNL196C
YNL192W
YNL191W
YNL189W
YNL188W
YNL187W
YNL186W
YNL185C
YNL183C
YNL182C
YNL180C
YNL178W
YNL177C
YNL175C
YNL173C
YNL172W
YNL169C
YNL168C
YNL167C
YNL166C
YNL164C
YNL163C
YNL162W
YNL161W
YNL160W
YNL159C
YNL158W
YNL157W
YNL156C
YNL154C
YNL153C
YNL152W
YNL151C
YNL149C
YNL148C
YNL147W
YNL145W
YNL142W
YNL141W
YNL139C
YNL138W-A
YNL138W
YNL137C
YNL136W
YNL135C
YNL133C
YNL132W
YNL131W
YNL130C
YNL130C-A
YNL129W
YNL128W
YNL127W
YNL126W
YNL125C
YNL124W
YNL123W
YNL121C
YNL119W
YNL118C
YNL117W
YNL116W
YNL113W
YNL112W
YNL111C
YNL110C
YNL107W
YNL106C
YNL104C
YNL103W
YNL102W
YNL101W
YNL100W
YNL099C
YNL098C
YNL097C
YNL096C
YNL094W
YNL093W
YNL091W
YNL090W
YNL088W
YNL087W
YNL086W
YNL085W
YNL084C
YNL083W
YNL082W
YNL081C
YNL080C
YNL079C
YNL078W
YNL077W
YNL076W
YNL075W
YNL074C
YNL073W
YNL072W
YNL071W
YNL070W
YNL069C
YNL068C
YNL067W
YNL066W
YNL065W
YNL064C
YNL063W
YNL062C
YNL061W
YNL059C
YNL056W
YNL055C
YNL054W
YNL053W
YNL052W
YNL051W
YNL049C
YNL048W
YNL047C
YNL045W
YNL044W
YNL042W
YNL041C
YNL039W
YNL038W
YNL037C
YNL036W
YNL032W
YNL031C
YNL030W
YNL029C
YNL027W
YNL026W
YNL025C
YNL024C-A
YNL023C
YNL021W
YNL020C
YNL016W
YNL015W
YNL014W
YNL012W
YNL009W
YNL008C
YNL007C
YNL006W
YNL005C
YNL004W
YNL003C
YNL002C
YNL001W
YNR001C
YNR002C
YNR003C
YNR004W
YNR006W
YNR007C
YNR008W
YNR009W
YNR010W
YNR011C
YNR012W
YNR013C
YNR015W
YNR016C
YNR017W
YNR018W
YNR019W
YNR020C
YNR022C
YNR023W
YNR024W
YNR026C
YNR027W
YNR028W
YNR030W
YNR031C
YNR032W
YNR032C-A
YNR033W
YNR034W
YNR035C
YNR036C
YNR037C
YNR038W
YNR039C
YNR041C
YNR043W
YNR044W
YNR045W
YNR046W
YNR047W
YNR049C
YNR050C
YNR051C
YNR052C
YNR053C
YNR054C
YNR055C
YNR056C
YNR057C
YNR058W
YNR059W
YNR060W
YNR067C
YNR069C
YNR070W
YNR072W
YNR074C
YNR075W
YNR076W
YOL165C
YOL164W
YOL161C
YOL158C
YOL157C
YOL156W
YOL155C
YOL154W
YOL152W
YOL151W
YOL149W
YOL148C
YOL147C
YOL146W
YOL145C
YOL144W
YOL143C
YOL142W
YOL141W
YOL140W
YOL139C
YOL138C
YOL137W
YOL136C
YOL135C
YOL133W
YOL132W
YOL130W
YOL129W
YOL128C
YOL127W
YOL126C
YOL125W
YOL124C
YOL123W
YOL122C
YOL121C
YOL120C
YOL119C
YOL117W
YOL116W
YOL115W
YOL113W
YOL112W
YOL111C
YOL110W
YOL109W
YOL108C
YOL105C
YOL104C
YOL103W
YOL102C
YOL101C
YOL100W
YOL097C
YOL096C
YOL095C
YOL094C
YOL093W
YOL091W
YOL090W
YOL089C
YOL088C
YOL086C
YOL084W
YOL083W
YOL082W
YOL081W
YOL080C
YOL078W
YOL077W-A
YOL077C
YOL076W
YOL072W
YOL071W
YOL070C
YOL069W
YOL068C
YOL067C
YOL066C
YOL065C
YOL064C
YOL063C
YOL062C
YOL061W
YOL060C
YOL059W
YOL058W
YOL056W
YOL055C
YOL054W
YOL053W
YOL052C-A
YOL052C
YOL051W
YOL049W
YOL048C
YOL045W
YOL044W
YOL043C
YOL042W
YOL041C
YOL040C
YOL039W
YOL038W
YOL034W
YOL033W
YOL032W
YOL031C
YOL030W
YOL028C
YOL027C
YOL026C
YOL025W
YOL023W
YOL022C
YOL021C
YOL020W
YOL018C
YOL017W
YOL016C
YOL015W
YOL013C
YOL012C
YOL011W
YOL010W
YOL009C
YOL008W
YOL007C
YOL006C
YOL005C
YOL004W
YOL003C
YOL002C
YOL001W
YOR001W
YOR002W
YOR003W
YOR004W
YOR005C
YOR006C
YOR007C
YOR008C
YOR009W
YOR010C
YOR011W
YOR014W
YOR016C
YOR017W
YOR018W
YOR020C
YOR023C
YOR025W
YOR026W
YOR027W
YOR028C
YOR030W
YOR031W
YOR032C
YOR033C
YOR034C
YOR035C
YOR036W
YOR037W
YOR038C
YOR039W
YOR040W
YOR042W
YOR043W
YOR044W
YOR045W
YOR046C
YOR047C
YOR048C
YOR049C
YOR051C
YOR054C
YOR056C
YOR057W
YOR058C
YOR061W
YOR063W
YOR064C
YOR065W
YOR066W
YOR067C
YOR069W
YOR068C
YOR070C
YOR071C
YOR073W
YOR074C
YOR075W
YOR076C
YOR077W
YOR078W
YOR079C
YOR080W
YOR081C
YOR083W
YOR084W
YOR085W
YOR086C
YOR087W
YOR089C
YOR090C
YOR091W
YOR092W
YOR094W
YOR095C
YOR096W
YOR098C
YOR099W
YOR100C
YOR101W
YOR103C
YOR104W
YOR106W
YOR107W
YOR108W
YOR109W
YOR110W
YOR112W
YOR113W
YOR115C
YOR116C
YOR117W
YOR118W
YOR119C
YOR120W
YOR122C
YOR123C
YOR124C
YOR125C
YOR126C
YOR127W
YOR128C
YOR129C
YOR130C
YOR132W
YOR133W
YOR134W
YOR136W
YOR137C
YOR138C
YOR140W
YOR141C
YOR142W
YOR143C
YOR144C
YOR145C
YOR147W
YOR148C
YOR149C
YOR150W
YOR151C
YOR153W
YOR154W
YOR155C
YOR156C
YOR157C
YOR158W
YOR159C
YOR160W
YOR161C
YOR162C
YOR163W
YOR164C
YOR165W
YOR166C
YOR167C
YOR168W
YOR171C
YOR172W
YOR173W
YOR174W
YOR175C
YOR176W
YOR177C
YOR178C
YOR179C
YOR180C
YOR181W
YOR182C
YOR183W
YOR184W
YOR185C
YOR187W
YOR188W
YOR189W
YOR190W
YOR191W
YOR192C
YOR193W
YOR194C
YOR195W
YOR196C
YOR197W
YOR198C
YOR201C
YOR202W
YOR204W
YOR205C
YOR206W
YOR207C
YOR208W
YOR209C
YOR210W
YOR211C
YOR212W
YOR213C
YOR215C
YOR216C
YOR217W
YOR219C
YOR220W
YOR221C
YOR222W
YOR224C
YOR226C
YOR227W
YOR229W
YOR230W
YOR231W
YOR232W
YOR233W
YOR234C
YOR236W
YOR237W
YOR239W
YOR241W
YOR242C
YOR243C
YOR244W
YOR245C
YOR247W
YOR249C
YOR250C
YOR251C
YOR252W
YOR253W
YOR254C
YOR255W
YOR256C
YOR257W
YOR258W
YOR259C
YOR260W
YOR261C
YOR264W
YOR265W
YOR266W
YOR267C
YOR269W
YOR270C
YOR271C
YOR272W
YOR273C
YOR274W
YOR275C
YOR276W
YOR278W
YOR279C
YOR280C
YOR281C
YOR284W
YOR285W
YOR286W
YOR287C
YOR288C
YOR290C
YOR291W
YOR293W
YOR294W
YOR295W
YOR297C
YOR298W
YOR298C-A
YOR299W
YOR301W
YOR303W
YOR304W
YOR305W
YOR306C
YOR307C
YOR308C
YOR310C
YOR311C
YOR312C
YOR313C
YOR315W
YOR316C
YOR317W
YOR319W
YOR320C
YOR321W
YOR322C
YOR323C
YOR324C
YOR326W
YOR327C
YOR328W
YOR329C
YOR330C
YOR332W
YOR334W
YOR335C
YOR336W
YOR337W
YOR339C
YOR340C
YOR341W
YOR344C
YOR346W
YOR347C
YOR348C
YOR349W
YOR350C
YOR351C
YOR353C
YOR354C
YOR355W
YOR357C
YOR358W
YOR359W
YOR360C
YOR361C
YOR362C
YOR363C
YOR367W
YOR368W
YOR369C
YOR370C
YOR371C
YOR372C
YOR373W
YOR374W
YOR375C
YOR377W
YOR380W
YOR381W
YOR382W
YOR383C
YOR384W
YOR386W
YOR388C
YOR391C
YOR393W
YOR394W
YOR396W
YPL283C
YPL282C
YPL281C
YPL280W
YPL274W
YPL273W
YPL271W
YPL270W
YPL269W
YPL268W
YPL267W
YPL266W
YPL265W
YPL263C
YPL262W
YPL259C
YPL258C
YPL256C
YPL255W
YPL254W
YPL253C
YPL252C
YPL250C
YPL249C-A
YPL249C
YPL248C
YPL246C
YPL244C
YPL243W
YPL242C
YPL241C
YPL240C
YPL239W
YPL237W
YPL235W
YPL234C
YPL233W
YPL232W
YPL231W
YPL230W
YPL228W
YPL227C
YPL226W
YPL224C
YPL223C
YPL222W
YPL221W
YPL220W
YPL219W
YPL218W
YPL217C
YPL215W
YPL214C
YPL213W
YPL212C
YPL211W
YPL210C
YPL209C
YPL208W
YPL207W
YPL206C
YPL204W
YPL203W
YPL202C
YPL201C
YPL200W
YPL198W
YPL196W
YPL195W
YPL194W
YPL193W
YPL192C
YPL190C
YPL189C-A
YPL189W
YPL188W
YPL187W
YPL186C
YPL184C
YPL183W-A
YPL183C
YPL181W
YPL180W
YPL179W
YPL178W
YPL177C
YPL176C
YPL175W
YPL174C
YPL173W
YPL172C
YPL171C
YPL170W
YPL169C
YPL167C
YPL166W
YPL165C
YPL164C
YPL163C
YPL161C
YPL160W
YPL159C
YPL158C
YPL157W
YPL156C
YPL155C
YPL154C
YPL153C
YPL152W
YPL151C
YPL149W
YPL148C
YPL147W
YPL146C
YPL145C
YPL144W
YPL143W
YPL141C
YPL140C
YPL139C
YPL138C
YPL137C
YPL135W
YPL134C
YPL133C
YPL132W
YPL131W
YPL130W
YPL129W
YPL128C
YPL127C
YPL126W
YPL125W
YPL124W
YPL123C
YPL122C
YPL121C
YPL120W
YPL119C
YPL118W
YPL117C
YPL116W
YPL115C
YPL112C
YPL111W
YPL110C
YPL106C
YPL105C
YPL104W
YPL103C
YPL101W
YPL100W
YPL099C
YPL098C
YPL097W
YPL096C-A
YPL096W
YPL095C
YPL094C
YPL093W
YPL092W
YPL091W
YPL090C
YPL089C
YPL087W
YPL086C
YPL085W
YPL084W
YPL083C
YPL082C
YPL081W
YPL079W
YPL078C
YPL076W
YPL075W
YPL074W
YPL072W
YPL070W
YPL069C
YPL065W
YPL064C
YPL063W
YPL061W
YPL060W
YPL059W
YPL058C
YPL057C
YPL056C
YPL055C
YPL054W
YPL053C
YPL052W
YPL051W
YPL050C
YPL049C
YPL048W
YPL047W
YPL046C
YPL045W
YPL043W
YPL042C
YPL040C
YPL038W
YPL037C
YPL036W
YPL033C
YPL032C
YPL031C
YPL030W
YPL029W
YPL028W
YPL027W
YPL026C
YPL024W
YPL023C
YPL022W
YPL021W
YPL020C
YPL019C
YPL018W
YPL017C
YPL016W
YPL015C
YPL013C
YPL012W
YPL011C
YPL010W
YPL009C
YPL008W
YPL007C
YPL006W
YPL005W
YPL004C
YPL003W
YPL002C
YPL001W
YPR001W
YPR002W
YPR004C
YPR005C
YPR006C
YPR007C
YPR008W
YPR009W
YPR010C
YPR016C
YPR017C
YPR018W
YPR019W
YPR020W
YPR021C
YPR023C
YPR024W
YPR025C
YPR026W
YPR028W
YPR029C
YPR030W
YPR031W
YPR032W
YPR033C
YPR034W
YPR035W
YPR036W
YPR037C
YPR040W
YPR041W
YPR042C
YPR043W
YPR045C
YPR046W
YPR047W
YPR048W
YPR049C
YPR051W
YPR052C
YPR054W
YPR055W
YPR056W
YPR057W
YPR058W
YPR060C
YPR061C
YPR062W
YPR065W
YPR066W
YPR067W
YPR068C
YPR069C
YPR070W
YPR072W
YPR073C
YPR074C
YPR075C
YPR079W
YPR080W
YPR081C
YPR082C
YPR083W
YPR085C
YPR086W
YPR088C
YPR093C
YPR094W
YPR095C
YPR100W
YPR101W
YPR102C
YPR103W
YPR104C
YPR105C
YPR106W
YPR107C
YPR108W
YPR110C
YPR111W
YPR112C
YPR113W
YPR115W
YPR116W
YPR118W
YPR119W
YPR120C
YPR121W
YPR122W
YPR124W
YPR125W
YPR128C
YPR129W
YPR131C
YPR132W
YPR133C
YPR133W-A
YPR134W
YPR135W
YPR137W
YPR138C
YPR139C
YPR140W
YPR141C
YPR143W
YPR144C
YPR145W
YPR149W
YPR151C
YPR152C
YPR154W
YPR155C
YPR156C
YPR158W
YPR159W
YPR160W
YPR161C
YPR162C
YPR163C
YPR164W
YPR165W
YPR166C
YPR167C
YPR168W
YPR169W
YPR171W
YPR173C
YPR175W
YPR176C
YPR178W
YPR179C
YPR180W
YPR181C
YPR182W
YPR183W
YPR184W
YPR185W
YPR186C
YPR187W
YPR188C
YPR189W
YPR190C
YPR191W
YPR192W
YPR193C
YPR194C
YPR198W
YPR199C
YPR200C
YPR201W
